Component: ARM Compiler 5.06 update 7 (build 960) Tool: armlink [4d3601]

==============================================================================

Section Cross References

    startup_stm32f411xe.o(RESET) refers to startup_stm32f411xe.o(STACK) for __initial_sp
    startup_stm32f411xe.o(RESET) refers to startup_stm32f411xe.o(.text) for Reset_Handler
    startup_stm32f411xe.o(RESET) refers to stm32f4xx_it.o(i.NMI_Handler) for NMI_Handler
    startup_stm32f411xe.o(RESET) refers to stm32f4xx_it.o(i.HardFault_Handler) for HardFault_Handler
    startup_stm32f411xe.o(RESET) refers to stm32f4xx_it.o(i.MemManage_Handler) for MemManage_Handler
    startup_stm32f411xe.o(RESET) refers to stm32f4xx_it.o(i.BusFault_Handler) for BusFault_Handler
    startup_stm32f411xe.o(RESET) refers to stm32f4xx_it.o(i.UsageFault_Handler) for UsageFault_Handler
    startup_stm32f411xe.o(RESET) refers to port.o(.emb_text) for SVC_Handler
    startup_stm32f411xe.o(RESET) refers to stm32f4xx_it.o(i.DebugMon_Handler) for DebugMon_Handler
    startup_stm32f411xe.o(RESET) refers to cmsis_os2.o(i.SysTick_Handler) for SysTick_Handler
    startup_stm32f411xe.o(RESET) refers to stm32f4xx_it.o(i.EXTI4_IRQHandler) for EXTI4_IRQHandler
    startup_stm32f411xe.o(RESET) refers to stm32f4xx_it.o(i.EXTI9_5_IRQHandler) for EXTI9_5_IRQHandler
    startup_stm32f411xe.o(RESET) refers to stm32f4xx_it.o(i.TIM1_UP_TIM10_IRQHandler) for TIM1_UP_TIM10_IRQHandler
    startup_stm32f411xe.o(RESET) refers to stm32f4xx_it.o(i.TIM4_IRQHandler) for TIM4_IRQHandler
    startup_stm32f411xe.o(RESET) refers to stm32f4xx_it.o(i.I2C1_EV_IRQHandler) for I2C1_EV_IRQHandler
    startup_stm32f411xe.o(RESET) refers to stm32f4xx_it.o(i.I2C1_ER_IRQHandler) for I2C1_ER_IRQHandler
    startup_stm32f411xe.o(RESET) refers to stm32f4xx_it.o(i.EXTI15_10_IRQHandler) for EXTI15_10_IRQHandler
    startup_stm32f411xe.o(RESET) refers to stm32f4xx_it.o(i.DMA2_Stream0_IRQHandler) for DMA2_Stream0_IRQHandler
    startup_stm32f411xe.o(RESET) refers to stm32f4xx_it.o(i.DMA2_Stream4_IRQHandler) for DMA2_Stream4_IRQHandler
    startup_stm32f411xe.o(RESET) refers to stm32f4xx_it.o(i.USART6_IRQHandler) for USART6_IRQHandler
    startup_stm32f411xe.o(.text) refers to system_stm32f4xx.o(i.SystemInit) for SystemInit
    startup_stm32f411xe.o(.text) refers to entry.o(.ARM.Collect$$$$00000000) for __main
    main.o(i.HAL_TIM_PeriodElapsedCallback) refers to stm32f4xx_hal.o(i.HAL_IncTick) for HAL_IncTick
    main.o(i.HAL_UART_RxCpltCallback) refers to bsp_bt.o(i.BSP_BT_RxCallback) for BSP_BT_RxCallback
    main.o(i.SystemClock_Config) refers to memseta.o(.text) for __aeabi_memclr4
    main.o(i.SystemClock_Config) refers to stm32f4xx_hal_rcc.o(i.HAL_RCC_OscConfig) for HAL_RCC_OscConfig
    main.o(i.SystemClock_Config) refers to stm32f4xx_hal_rcc.o(i.HAL_RCC_ClockConfig) for HAL_RCC_ClockConfig
    main.o(i.fgetc) refers to stm32f4xx_hal_uart.o(i.HAL_UART_Receive) for HAL_UART_Receive
    main.o(i.fgetc) refers to main.o(.data) for .data
    main.o(i.fgetc) refers to usart.o(.bss) for huart2
    main.o(i.fputc) refers to stm32f4xx_hal_uart.o(i.HAL_UART_Transmit) for HAL_UART_Transmit
    main.o(i.fputc) refers to main.o(.data) for .data
    main.o(i.fputc) refers to usart.o(.bss) for huart2
    main.o(i.main) refers to stm32f4xx_hal.o(i.HAL_Init) for HAL_Init
    main.o(i.main) refers to main.o(i.SystemClock_Config) for SystemClock_Config
    main.o(i.main) refers to gpio.o(i.MX_GPIO_Init) for MX_GPIO_Init
    main.o(i.main) refers to dma.o(i.MX_DMA_Init) for MX_DMA_Init
    main.o(i.main) refers to i2c.o(i.MX_I2C1_Init) for MX_I2C1_Init
    main.o(i.main) refers to usart.o(i.MX_USART2_UART_Init) for MX_USART2_UART_Init
    main.o(i.main) refers to adc.o(i.MX_ADC1_Init) for MX_ADC1_Init
    main.o(i.main) refers to iwdg.o(i.MX_IWDG_Init) for MX_IWDG_Init
    main.o(i.main) refers to tim.o(i.MX_TIM2_Init) for MX_TIM2_Init
    main.o(i.main) refers to tim.o(i.MX_TIM4_Init) for MX_TIM4_Init
    main.o(i.main) refers to tim.o(i.MX_TIM1_Init) for MX_TIM1_Init
    main.o(i.main) refers to usart.o(i.MX_USART6_UART_Init) for MX_USART6_UART_Init
    main.o(i.main) refers to crc.o(i.MX_CRC_Init) for MX_CRC_Init
    main.o(i.main) refers to cmsis_os2.o(i.osKernelInitialize) for osKernelInitialize
    main.o(i.main) refers to freertos.o(i.MX_FREERTOS_Init) for MX_FREERTOS_Init
    main.o(i.main) refers to cmsis_os2.o(i.osKernelStart) for osKernelStart
    gpio.o(i.MX_GPIO_Init) refers to memseta.o(.text) for __aeabi_memclr4
    gpio.o(i.MX_GPIO_Init) refers to stm32f4xx_hal_gpio.o(i.HAL_GPIO_WritePin) for HAL_GPIO_WritePin
    gpio.o(i.MX_GPIO_Init) refers to stm32f4xx_hal_gpio.o(i.HAL_GPIO_Init) for HAL_GPIO_Init
    gpio.o(i.MX_GPIO_Init) refers to stm32f4xx_hal_cortex.o(i.HAL_NVIC_SetPriority) for HAL_NVIC_SetPriority
    gpio.o(i.MX_GPIO_Init) refers to stm32f4xx_hal_cortex.o(i.HAL_NVIC_EnableIRQ) for HAL_NVIC_EnableIRQ
    freertos.o(i.MX_FREERTOS_Init) refers to cmsis_os2.o(i.osMutexNew) for osMutexNew
[...]
    TIM1_CC_IRQHandler                       0x0800028b   Thumb Code     0  startup_stm32f411xe.o(.text)
    TIM1_TRG_COM_TIM11_IRQHandler            0x0800028b   Thumb Code     0  startup_stm32f411xe.o(.text)
    TIM2_IRQHandler                          0x0800028b   Thumb Code     0  startup_stm32f411xe.o(.text)
    TIM3_IRQHandler                          0x0800028b   Thumb Code     0  startup_stm32f411xe.o(.text)
    TIM5_IRQHandler                          0x0800028b   Thumb Code     0  startup_stm32f411xe.o(.text)
    USART1_IRQHandler                        0x0800028b   Thumb Code     0  startup_stm32f411xe.o(.text)
    USART2_IRQHandler                        0x0800028b   Thumb Code     0  startup_stm32f411xe.o(.text)
    WWDG_IRQHandler                          0x0800028b   Thumb Code     0  startup_stm32f411xe.o(.text)
    __aeabi_uldivmod                         0x08000295   Thumb Code    98  uldiv.o(.text)
    __aeabi_memcpy                           0x080002f7   Thumb Code    36  memcpya.o(.text)
    __aeabi_memcpy4                          0x080002f7   Thumb Code     0  memcpya.o(.text)
    __aeabi_memcpy8                          0x080002f7   Thumb Code     0  memcpya.o(.text)
    __aeabi_memset                           0x0800031b   Thumb Code    14  memseta.o(.text)
    __aeabi_memset4                          0x0800031b   Thumb Code     0  memseta.o(.text)
    __aeabi_memset8                          0x0800031b   Thumb Code     0  memseta.o(.text)
    __aeabi_memclr                           0x08000329   Thumb Code     4  memseta.o(.text)
    __aeabi_memclr4                          0x08000329   Thumb Code     0  memseta.o(.text)
    __aeabi_memclr8                          0x08000329   Thumb Code     0  memseta.o(.text)
    memset                                   0x0800032d   Thumb Code    18  memseta.o(.text)
    strstr                                   0x0800033f   Thumb Code    36  strstr.o(.text)
    strlen                                   0x08000363   Thumb Code    14  strlen.o(.text)
    __aeabi_f2d                              0x08000371   Thumb Code    38  f2d.o(.text)
    __aeabi_uidiv                            0x08000397   Thumb Code     0  uidiv.o(.text)
    __aeabi_uidivmod                         0x08000397   Thumb Code    44  uidiv.o(.text)
    __aeabi_llsl                             0x080003c3   Thumb Code    30  llshl.o(.text)
    _ll_shift_l                              0x080003c3   Thumb Code     0  llshl.o(.text)
    __aeabi_llsr                             0x080003e1   Thumb Code    32  llushr.o(.text)
    _ll_ushift_r                             0x080003e1   Thumb Code     0  llushr.o(.text)
    __I$use$fp                               0x08000401   Thumb Code     0  iusefp.o(.text)
    __aeabi_dadd                             0x08000401   Thumb Code   322  dadd.o(.text)
    __aeabi_dsub                             0x08000543   Thumb Code     6  dadd.o(.text)
    __aeabi_drsub                            0x08000549   Thumb Code     6  dadd.o(.text)
    __aeabi_dmul                             0x0800054f   Thumb Code   228  dmul.o(.text)
    __aeabi_ddiv                             0x08000633   Thumb Code   222  ddiv.o(.text)
    __aeabi_d2ulz                            0x08000711   Thumb Code    48  dfixul.o(.text)
    __aeabi_cdrcmple                         0x08000741   Thumb Code    48  cdrcmple.o(.text)
    __scatterload                            0x08000771   Thumb Code    28  init.o(.text)
    __scatterload_rt2                        0x08000771   Thumb Code     0  init.o(.text)
    __aeabi_lasr                             0x08000795   Thumb Code    36  llsshr.o(.text)
    _ll_sshift_r                             0x08000795   Thumb Code     0  llsshr.o(.text)
    _double_round                            0x080007b9   Thumb Code    30  depilogue.o(.text)
    _double_epilogue                         0x080007d7   Thumb Code   156  depilogue.o(.text)
    BSP_ADC_GetRaw                           0x08000a29   Thumb Code     6  bsp_adc.o(i.BSP_ADC_GetRaw)
    BSP_ADC_Init                             0x08000a35   Thumb Code    10  bsp_adc.o(i.BSP_ADC_Init)
    BSP_BT_Init                              0x08000a49   Thumb Code   104  bsp_bt.o(i.BSP_BT_Init)
    BSP_BT_ProcessTask                       0x08000b55   Thumb Code   112  bsp_bt.o(i.BSP_BT_ProcessTask)
    BSP_BT_RxCallback                        0x08000be5   Thumb Code    44  bsp_bt.o(i.BSP_BT_RxCallback)
    BSP_Buzzer_Off                           0x08000c21   Thumb Code    20  bsp_buzzer.o(i.BSP_Buzzer_Off)
    BSP_Buzzer_SetTone                       0x08000c39   Thumb Code    52  bsp_buzzer.o(i.BSP_Buzzer_SetTone)
    BSP_Freq_Get                             0x08000c75   Thumb Code     6  bsp_freq.o(i.BSP_Freq_Get)
    BSP_Freq_Init                            0x08000c81   Thumb Code     8  bsp_freq.o(i.BSP_Freq_Init)
    BSP_LEDSEG_ShowNum                       0x08000c8d   Thumb Code   224  bsp_seg.o(i.BSP_LEDSEG_ShowNum)
    BSP_LM75_Init                            0x08000d7d   Thumb Code    22  bsp_lm75.o(i.BSP_LM75_Init)
    BSP_LM75_ReadTemp                        0x08000d99   Thumb Code    64  bsp_lm75.o(i.BSP_LM75_ReadTemp)
    BSP_RGB_Init                             0x08000de1   Thumb Code    22  bsp_rgb.o(i.BSP_RGB_Init)
    BSP_RGB_SendCmd                          0x08000df9   Thumb Code    44  bsp_rgb.o(i.BSP_RGB_SendCmd)
    BSP_RGB_Set                              0x08000e29   Thumb Code    14  bsp_rgb.o(i.BSP_RGB_Set)
    BSP_RGB_Show                             0x08000e3d   Thumb Code    98  bsp_rgb.o(i.BSP_RGB_Show)
    BSP_Settings_Read                        0x08000ead   Thumb Code    42  bsp_flash_crc.o(i.BSP_Settings_Read)
    BSP_Settings_Save                        0x08000edd   Thumb Code   100  bsp_flash_crc.o(i.BSP_Settings_Save)
    BusFault_Handler                         0x08000fb1   Thumb Code     2  stm32f4xx_it.o(i.BusFault_Handler)
    DMA2_Stream0_IRQHandler                  0x08000fd1   Thumb Code     6  stm32f4xx_it.o(i.DMA2_Stream0_IRQHandler)
    DMA2_Stream4_IRQHandler                  0x08000fdd   Thumb Code     6  stm32f4xx_it.o(i.DMA2_Stream4_IRQHandler)
    DebugMon_Handler                         0x0800108d   Thumb Code     2  stm32f4xx_it.o(i.DebugMon_Handler)
    EXTI15_10_IRQHandler                     0x0800108f   Thumb Code     8  stm32f4xx_it.o(i.EXTI15_10_IRQHandler)
    EXTI4_IRQHandler                         0x08001097   Thumb Code     6  stm32f4xx_it.o(i.EXTI4_IRQHandler)
    EXTI9_5_IRQHandler                       0x0800109d   Thumb Code    20  stm32f4xx_it.o(i.EXTI9_5_IRQHandler)
    Error_Handler                            0x080010b1   Thumb Code     4  main.o(i.Error_Handler)
    FLASH_Erase_Sector                       0x080010b5   Thumb Code    74  stm32f4xx_hal_flash_ex.o(i.FLASH_Erase_Sector)
    FLASH_FlushCaches                        0x08001105   Thumb Code    80  stm32f4xx_hal_flash_ex.o(i.FLASH_FlushCaches)
    FLASH_WaitForLastOperation               0x08001291   Thumb Code    72  stm32f4xx_hal_flash.o(i.FLASH_WaitForLastOperation)
    HAL_ADC_ConfigChannel                    0x080012e1   Thumb Code   334  stm32f4xx_hal_adc.o(i.HAL_ADC_ConfigChannel)
    HAL_ADC_ConvCpltCallback                 0x08001445   Thumb Code     2  stm32f4xx_hal_adc.o(i.HAL_ADC_ConvCpltCallback)
    HAL_ADC_ConvHalfCpltCallback             0x08001447   Thumb Code     2  stm32f4xx_hal_adc.o(i.HAL_ADC_ConvHalfCpltCallback)
    HAL_ADC_ErrorCallback                    0x08001449   Thumb Code     2  stm32f4xx_hal_adc.o(i.HAL_ADC_ErrorCallback)
    HAL_ADC_Init                             0x0800144b   Thumb Code    84  stm32f4xx_hal_adc.o(i.HAL_ADC_Init)
    HAL_ADC_MspInit                          0x080014a1   Thumb Code   134  adc.o(i.HAL_ADC_MspInit)
    HAL_ADC_Start_DMA                        0x0800153d   Thumb Code   266  stm32f4xx_hal_adc.o(i.HAL_ADC_Start_DMA)
    HAL_CRC_Accumulate                       0x08001665   Thumb Code    38  stm32f4xx_hal_crc.o(i.HAL_CRC_Accumulate)
    HAL_CRC_Init                             0x0800168b   Thumb Code    34  stm32f4xx_hal_crc.o(i.HAL_CRC_Init)
    HAL_CRC_MspInit                          0x080016ad   Thumb Code    30  crc.o(i.HAL_CRC_MspInit)
    HAL_DMA_Abort                            0x080016d5   Thumb Code   146  stm32f4xx_hal_dma.o(i.HAL_DMA_Abort)
    HAL_DMA_Abort_IT                         0x08001767   Thumb Code    36  stm32f4xx_hal_dma.o(i.HAL_DMA_Abort_IT)
    HAL_DMA_GetState                         0x0800178b   Thumb Code     6  stm32f4xx_hal_dma.o(i.HAL_DMA_GetState)
    HAL_DMA_IRQHandler                       0x08001791   Thumb Code   412  stm32f4xx_hal_dma.o(i.HAL_DMA_IRQHandler)
    HAL_DMA_Init                             0x08001931   Thumb Code   206  stm32f4xx_hal_dma.o(i.HAL_DMA_Init)
    HAL_DMA_Start_IT                         0x08001a05   Thumb Code   110  stm32f4xx_hal_dma.o(i.HAL_DMA_Start_IT)
    HAL_FLASHEx_Erase                        0x08001a75   Thumb Code   144  stm32f4xx_hal_flash_ex.o(i.HAL_FLASHEx_Erase)
    HAL_FLASH_Lock                           0x08001b0d   Thumb Code    14  stm32f4xx_hal_flash.o(i.HAL_FLASH_Lock)
    HAL_FLASH_Program                        0x08001b21   Thumb Code   116  stm32f4xx_hal_flash.o(i.HAL_FLASH_Program)
    HAL_FLASH_Unlock                         0x08001b9d   Thumb Code    32  stm32f4xx_hal_flash.o(i.HAL_FLASH_Unlock)
    HAL_GPIO_EXTI_Callback                   0x08001bc9   Thumb Code    62  bsp_key.o(i.HAL_GPIO_EXTI_Callback)
    HAL_GPIO_EXTI_IRQHandler                 0x08001c0d   Thumb Code    18  stm32f4xx_hal_gpio.o(i.HAL_GPIO_EXTI_IRQHandler)
    HAL_GPIO_Init                            0x08001c25   Thumb Code   446  stm32f4xx_hal_gpio.o(i.HAL_GPIO_Init)
    HAL_GPIO_TogglePin                       0x08001e05   Thumb Code    16  stm32f4xx_hal_gpio.o(i.HAL_GPIO_TogglePin)
    HAL_GPIO_WritePin                        0x08001e15   Thumb Code    10  stm32f4xx_hal_gpio.o(i.HAL_GPIO_WritePin)
    HAL_GetTick                              0x08001e21   Thumb Code     6  stm32f4xx_hal.o(i.HAL_GetTick)
    HAL_I2C_AbortCpltCallback                0x08001e2d   Thumb Code     2  stm32f4xx_hal_i2c.o(i.HAL_I2C_AbortCpltCallback)
    HAL_I2C_AddrCallback                     0x08001e2f   Thumb Code     2  stm32f4xx_hal_i2c.o(i.HAL_I2C_AddrCallback)
    HAL_I2C_ER_IRQHandler                    0x08001e31   Thumb Code   186  stm32f4xx_hal_i2c.o(i.HAL_I2C_ER_IRQHandler)
    HAL_I2C_EV_IRQHandler                    0x08001eeb   Thumb Code   560  stm32f4xx_hal_i2c.o(i.HAL_I2C_EV_IRQHandler)
    HAL_I2C_ErrorCallback                    0x0800211b   Thumb Code     2  stm32f4xx_hal_i2c.o(i.HAL_I2C_ErrorCallback)
    HAL_I2C_Init                             0x0800211d   Thumb Code   376  stm32f4xx_hal_i2c.o(i.HAL_I2C_Init)
    HAL_I2C_IsDeviceReady                    0x080022a5   Thumb Code   354  stm32f4xx_hal_i2c.o(i.HAL_I2C_IsDeviceReady)
    HAL_I2C_ListenCpltCallback               0x08002411   Thumb Code     2  stm32f4xx_hal_i2c.o(i.HAL_I2C_ListenCpltCallback)
    HAL_I2C_MasterRxCpltCallback             0x08002413   Thumb Code     2  stm32f4xx_hal_i2c.o(i.HAL_I2C_MasterRxCpltCallback)
    HAL_I2C_MasterTxCpltCallback             0x08002415   Thumb Code     2  stm32f4xx_hal_i2c.o(i.HAL_I2C_MasterTxCpltCallback)
    HAL_I2C_MemRxCpltCallback                0x08002417   Thumb Code     2  stm32f4xx_hal_i2c.o(i.HAL_I2C_MemRxCpltCallback)
    HAL_I2C_MemTxCpltCallback                0x08002419   Thumb Code     2  stm32f4xx_hal_i2c.o(i.HAL_I2C_MemTxCpltCallback)
    HAL_I2C_Mem_Read                         0x0800241d   Thumb Code   502  stm32f4xx_hal_i2c.o(i.HAL_I2C_Mem_Read)
    HAL_I2C_MspInit                          0x08002621   Thumb Code   126  i2c.o(i.HAL_I2C_MspInit)
    HAL_I2C_SlaveRxCpltCallback              0x080026ad   Thumb Code     2  stm32f4xx_hal_i2c.o(i.HAL_I2C_SlaveRxCpltCallback)
    HAL_I2C_SlaveTxCpltCallback              0x080026af   Thumb Code     2  stm32f4xx_hal_i2c.o(i.HAL_I2C_SlaveTxCpltCallback)
    HAL_IWDG_Init                            0x080026b1   Thumb Code    94  stm32f4xx_hal_iwdg.o(i.HAL_IWDG_Init)
    HAL_IWDG_Refresh                         0x0800270f   Thumb Code    12  stm32f4xx_hal_iwdg.o(i.HAL_IWDG_Refresh)
    HAL_IncTick                              0x0800271d   Thumb Code    12  stm32f4xx_hal.o(i.HAL_IncTick)
    HAL_Init                                 0x0800272d   Thumb Code    48  stm32f4xx_hal.o(i.HAL_Init)
    HAL_InitTick                             0x08002761   Thumb Code   118  stm32f4xx_hal_timebase_tim.o(i.HAL_InitTick)
    HAL_MspInit                              0x080027ed   Thumb Code    52  stm32f4xx_hal_msp.o(i.HAL_MspInit)
    HAL_NVIC_EnableIRQ                       0x08002825   Thumb Code    26  stm32f4xx_hal_cortex.o(i.HAL_NVIC_EnableIRQ)
    HAL_NVIC_SetPriority                     0x08002841   Thumb Code    60  stm32f4xx_hal_cortex.o(i.HAL_NVIC_SetPriority)
    HAL_NVIC_SetPriorityGrouping             0x08002881   Thumb Code    26  stm32f4xx_hal_cortex.o(i.HAL_NVIC_SetPriorityGrouping)
    HAL_RCC_ClockConfig                      0x080028a5   Thumb Code   288  stm32f4xx_hal_rcc.o(i.HAL_RCC_ClockConfig)
    HAL_RCC_GetClockConfig                   0x080029d9   Thumb Code    54  stm32f4xx_hal_rcc.o(i.HAL_RCC_GetClockConfig)
    HAL_RCC_GetPCLK1Freq                     0x08002a19   Thumb Code    20  stm32f4xx_hal_rcc.o(i.HAL_RCC_GetPCLK1Freq)
    HAL_RCC_GetPCLK2Freq                     0x08002a39   Thumb Code    20  stm32f4xx_hal_rcc.o(i.HAL_RCC_GetPCLK2Freq)
    HAL_RCC_GetSysClockFreq                  0x08002a59   Thumb Code    88  stm32f4xx_hal_rcc.o(i.HAL_RCC_GetSysClockFreq)
    HAL_RCC_OscConfig                        0x08002ab9   Thumb Code   856  stm32f4xx_hal_rcc.o(i.HAL_RCC_OscConfig)
    HAL_TIMEx_BreakCallback                  0x08002e25   Thumb Code     2  stm32f4xx_hal_tim_ex.o(i.HAL_TIMEx_BreakCallback)
    HAL_TIMEx_CommutCallback                 0x08002e27   Thumb Code     2  stm32f4xx_hal_tim_ex.o(i.HAL_TIMEx_CommutCallback)
    HAL_TIMEx_ConfigBreakDeadTime            0x08002e29   Thumb Code    84  stm32f4xx_hal_tim_ex.o(i.HAL_TIMEx_ConfigBreakDeadTime)
    HAL_TIMEx_MasterConfigSynchronization    0x08002e7d   Thumb Code   104  stm32f4xx_hal_tim_ex.o(i.HAL_TIMEx_MasterConfigSynchronization)
    HAL_TIM_Base_Init                        0x08002ef9   Thumb Code    90  stm32f4xx_hal_tim.o(i.HAL_TIM_Base_Init)
    HAL_TIM_Base_MspInit                     0x08002f55   Thumb Code   114  tim.o(i.HAL_TIM_Base_MspInit)
    HAL_TIM_Base_Start_IT                    0x08002fd9   Thumb Code    88  stm32f4xx_hal_tim.o(i.HAL_TIM_Base_Start_IT)
    HAL_TIM_ConfigClockSource                0x08003045   Thumb Code   220  stm32f4xx_hal_tim.o(i.HAL_TIM_ConfigClockSource)
    HAL_TIM_ErrorCallback                    0x08003121   Thumb Code     2  stm32f4xx_hal_tim.o(i.HAL_TIM_ErrorCallback)
    HAL_TIM_IC_CaptureCallback               0x08003125   Thumb Code   104  bsp_freq.o(i.HAL_TIM_IC_CaptureCallback)
    HAL_TIM_IC_ConfigChannel                 0x08003199   Thumb Code   292  stm32f4xx_hal_tim.o(i.HAL_TIM_IC_ConfigChannel)
    HAL_TIM_IC_Init                          0x080032bd   Thumb Code    90  stm32f4xx_hal_tim.o(i.HAL_TIM_IC_Init)
    HAL_TIM_IC_MspInit                       0x08003319   Thumb Code   104  tim.o(i.HAL_TIM_IC_MspInit)
    HAL_TIM_IC_Start_IT                      0x0800338d   Thumb Code   228  stm32f4xx_hal_tim.o(i.HAL_TIM_IC_Start_IT)
    HAL_TIM_IRQHandler                       0x08003485   Thumb Code   304  stm32f4xx_hal_tim.o(i.HAL_TIM_IRQHandler)
    HAL_TIM_MspPostInit                      0x080035b5   Thumb Code   104  tim.o(i.HAL_TIM_MspPostInit)
    HAL_TIM_OC_DelayElapsedCallback          0x08003629   Thumb Code     2  stm32f4xx_hal_tim.o(i.HAL_TIM_OC_DelayElapsedCallback)
    HAL_TIM_PWM_ConfigChannel                0x0800362b   Thumb Code   204  stm32f4xx_hal_tim.o(i.HAL_TIM_PWM_ConfigChannel)
    HAL_TIM_PWM_Init                         0x080036f7   Thumb Code    90  stm32f4xx_hal_tim.o(i.HAL_TIM_PWM_Init)
    HAL_TIM_PWM_MspInit                      0x08003751   Thumb Code    30  tim.o(i.HAL_TIM_PWM_MspInit)
    HAL_TIM_PWM_PulseFinishedCallback        0x08003775   Thumb Code    38  bsp_rgb.o(i.HAL_TIM_PWM_PulseFinishedCallback)
    HAL_TIM_PWM_PulseFinishedHalfCpltCallback 0x080037a9   Thumb Code     2  stm32f4xx_hal_tim.o(i.HAL_TIM_PWM_PulseFinishedHalfCpltCallback)
    HAL_TIM_PWM_Start                        0x080037ad   Thumb Code   156  stm32f4xx_hal_tim.o(i.HAL_TIM_PWM_Start)
    HAL_TIM_PWM_Start_DMA                    0x0800385d   Thumb Code   390  stm32f4xx_hal_tim.o(i.HAL_TIM_PWM_Start_DMA)
    HAL_TIM_PWM_Stop                         0x08003a05   Thumb Code   108  stm32f4xx_hal_tim.o(i.HAL_TIM_PWM_Stop)
    HAL_TIM_PWM_Stop_DMA                     0x08003a75   Thumb Code   190  stm32f4xx_hal_tim.o(i.HAL_TIM_PWM_Stop_DMA)
    HAL_TIM_PeriodElapsedCallback            0x08003b39   Thumb Code    14  main.o(i.HAL_TIM_PeriodElapsedCallback)
    HAL_TIM_ReadCapturedValue                0x08003b4d   Thumb Code    42  stm32f4xx_hal_tim.o(i.HAL_TIM_ReadCapturedValue)
    HAL_TIM_TriggerCallback                  0x08003b77   Thumb Code     2  stm32f4xx_hal_tim.o(i.HAL_TIM_TriggerCallback)
    HAL_UARTEx_RxEventCallback               0x08003b79   Thumb Code     2  stm32f4xx_hal_uart.o(i.HAL_UARTEx_RxEventCallback)
    HAL_UART_ErrorCallback                   0x08003b7b   Thumb Code     2  stm32f4xx_hal_uart.o(i.HAL_UART_ErrorCallback)
    HAL_UART_IRQHandler                      0x08003b7d   Thumb Code   636  stm32f4xx_hal_uart.o(i.HAL_UART_IRQHandler)
    HAL_UART_Init                            0x08003dfd   Thumb Code   100  stm32f4xx_hal_uart.o(i.HAL_UART_Init)
    HAL_UART_MspInit                         0x08003e61   Thumb Code   218  usart.o(i.HAL_UART_MspInit)
    HAL_UART_Receive_IT                      0x08003f51   Thumb Code    28  stm32f4xx_hal_uart.o(i.HAL_UART_Receive_IT)
    HAL_UART_RxCpltCallback                  0x08003f6d   Thumb Code     4  main.o(i.HAL_UART_RxCpltCallback)
    HAL_UART_Transmit                        0x08003f71   Thumb Code   160  stm32f4xx_hal_uart.o(i.HAL_UART_Transmit)
    HAL_UART_TxCpltCallback                  0x08004011   Thumb Code     2  stm32f4xx_hal_uart.o(i.HAL_UART_TxCpltCallback)
    HardFault_Handler                        0x08004013   Thumb Code     2  stm32f4xx_it.o(i.HardFault_Handler)
    I2C1_ER_IRQHandler                       0x08004015   Thumb Code     6  stm32f4xx_it.o(i.I2C1_ER_IRQHandler)
    I2C1_EV_IRQHandler                       0x08004021   Thumb Code     6  stm32f4xx_it.o(i.I2C1_EV_IRQHandler)
    MX_ADC1_Init                             0x08004d19   Thumb Code    88  adc.o(i.MX_ADC1_Init)
    MX_CRC_Init                              0x08004d7d   Thumb Code    28  crc.o(i.MX_CRC_Init)
    MX_DMA_Init                              0x08004da1   Thumb Code    56  dma.o(i.MX_DMA_Init)
    MX_FREERTOS_Init                         0x08004ddd   Thumb Code   176  freertos.o(i.MX_FREERTOS_Init)
    MX_GPIO_Init                             0x08004eb9   Thumb Code   274  gpio.o(i.MX_GPIO_Init)
    MX_I2C1_Init                             0x08004fdd   Thumb Code    50  i2c.o(i.MX_I2C1_Init)
    MX_IWDG_Init                             0x0800501d   Thumb Code    36  iwdg.o(i.MX_IWDG_Init)
    MX_TIM1_Init                             0x08005049   Thumb Code   188  tim.o(i.MX_TIM1_Init)
    MX_TIM2_Init                             0x0800510d   Thumb Code   106  tim.o(i.MX_TIM2_Init)
    MX_TIM4_Init                             0x0800517d   Thumb Code   100  tim.o(i.MX_TIM4_Init)
    MX_USART2_UART_Init                      0x080051e9   Thumb Code    48  usart.o(i.MX_USART2_UART_Init)
    MX_USART6_UART_Init                      0x08005221   Thumb Code    48  usart.o(i.MX_USART6_UART_Init)
    MemManage_Handler                        0x08005259   Thumb Code     2  stm32f4xx_it.o(i.MemManage_Handler)
    NMI_Handler                              0x0800525b   Thumb Code     2  stm32f4xx_it.o(i.NMI_Handler)
    OLED_Clear                               0x0800525d   Thumb Code    36  bsp_oled.o(i.OLED_Clear)
    OLED_DrawPoint                           0x08005285   Thumb Code    40  bsp_oled.o(i.OLED_DrawPoint)
    OLED_Init                                0x080052b1   Thumb Code   262  bsp_oled.o(i.OLED_Init)
    OLED_Refresh                             0x080053bd   Thumb Code    70  bsp_oled.o(i.OLED_Refresh)
    OLED_ShowChar                            0x08005409   Thumb Code   212  bsp_oled.o(i.OLED_ShowChar)
    OLED_ShowString                          0x080054ed   Thumb Code    60  bsp_oled.o(i.OLED_ShowString)
    OLED_WR_Byte                             0x08005529   Thumb Code   112  bsp_oled.o(i.OLED_WR_Byte)
    StartAlarmTask                           0x080055a1   Thumb Code    72  freertos.o(i.StartAlarmTask)
    StartBluetoothTask                       0x080055ed   Thumb Code    12  freertos.o(i.StartBluetoothTask)
    StartDefaultTask                         0x080055fd   Thumb Code   118  freertos.o(i.StartDefaultTask)
    StartDisplayTask                         0x08005731   Thumb Code   312  freertos.o(i.StartDisplayTask)
    StartKeepAlive                           0x080058e1   Thumb Code    18  freertos.o(i.StartKeepAlive)
    StartLogicTask                           0x080058f9   Thumb Code   454  freertos.o(i.StartLogicTask)
    StartRGBTask                             0x08005c0d   Thumb Code   230  freertos.o(i.StartRGBTask)
    StartSensorTask                          0x08005cfd   Thumb Code    78  freertos.o(i.StartSensorTask)
    SysTick_Handler                          0x08005d55   Thumb Code    26  cmsis_os2.o(i.SysTick_Handler)
    SystemClock_Config                       0x08005d71   Thumb Code   140  main.o(i.SystemClock_Config)
    SystemInit                               0x08005e05   Thumb Code    12  system_stm32f4xx.o(i.SystemInit)
    TIM1_UP_TIM10_IRQHandler                 0x08005e15   Thumb Code    18  stm32f4xx_it.o(i.TIM1_UP_TIM10_IRQHandler)
    TIM4_IRQHandler                          0x08005e31   Thumb Code     6  stm32f4xx_it.o(i.TIM4_IRQHandler)
    TIM_Base_SetConfig                       0x08005e3d   Thumb Code   130  stm32f4xx_hal_tim.o(i.TIM_Base_SetConfig)
    TIM_CCxChannelCmd                        0x08005edd   Thumb Code    26  stm32f4xx_hal_tim.o(i.TIM_CCxChannelCmd)
    TIM_DMADelayPulseHalfCplt                0x08005f55   Thumb Code    56  stm32f4xx_hal_tim.o(i.TIM_DMADelayPulseHalfCplt)
    TIM_DMAError                             0x08005f8d   Thumb Code    84  stm32f4xx_hal_tim.o(i.TIM_DMAError)
    TIM_ETR_SetConfig                        0x08005fe1   Thumb Code    20  stm32f4xx_hal_tim.o(i.TIM_ETR_SetConfig)
    TIM_OC2_SetConfig                        0x08006055   Thumb Code    84  stm32f4xx_hal_tim.o(i.TIM_OC2_SetConfig)
    TIM_TI1_SetConfig                        0x0800616d   Thumb Code    88  stm32f4xx_hal_tim.o(i.TIM_TI1_SetConfig)
    UART_Start_Receive_IT                    0x0800645d   Thumb Code    54  stm32f4xx_hal_uart.o(i.UART_Start_Receive_IT)
    USART6_IRQHandler                        0x08006505   Thumb Code     6  stm32f4xx_it.o(i.USART6_IRQHandler)
    UsageFault_Handler                       0x08006511   Thumb Code     2  stm32f4xx_it.o(i.UsageFault_Handler)
    __0printf                                0x08006515   Thumb Code    22  printfa.o(i.__0printf)
    __1printf                                0x08006515   Thumb Code     0  printfa.o(i.__0printf)
    __2printf                                0x08006515   Thumb Code     0  printfa.o(i.__0printf)
    __c89printf                              0x08006515   Thumb Code     0  printfa.o(i.__0printf)
    printf                                   0x08006515   Thumb Code     0  printfa.o(i.__0printf)
    __0sprintf                               0x08006535   Thumb Code    34  printfa.o(i.__0sprintf)
    __1sprintf                               0x08006535   Thumb Code     0  printfa.o(i.__0sprintf)
    __2sprintf                               0x08006535   Thumb Code     0  printfa.o(i.__0sprintf)
    __c89sprintf                             0x08006535   Thumb Code     0  printfa.o(i.__0sprintf)
    sprintf                                  0x08006535   Thumb Code     0  printfa.o(i.__0sprintf)
    __scatterload_copy                       0x0800657d   Thumb Code    14  handlers.o(i.__scatterload_copy)
    __scatterload_null                       0x0800658b   Thumb Code     2  handlers.o(i.__scatterload_null)
    __scatterload_zeroinit                   0x0800658d   Thumb Code    14  handlers.o(i.__scatterload_zeroinit)
    fputc                                    0x08006e31   Thumb Code    16  main.o(i.fputc)
    main                                     0x08006e49   Thumb Code    66  main.o(i.main)
    osDelay                                  0x08006e8b   Thumb Code    26  cmsis_os2.o(i.osDelay)
    osEventFlagsClear                        0x08006ea5   Thumb Code    62  cmsis_os2.o(i.osEventFlagsClear)
    osEventFlagsNew                          0x08006ee3   Thumb Code    44  cmsis_os2.o(i.osEventFlagsNew)
    osEventFlagsSet                          0x08006f11   Thumb Code    78  cmsis_os2.o(i.osEventFlagsSet)
    osEventFlagsWait                         0x08006f65   Thumb Code    98  cmsis_os2.o(i.osEventFlagsWait)
    osKernelInitialize                       0x08006fc9   Thumb Code    32  cmsis_os2.o(i.osKernelInitialize)
    osKernelStart                            0x08006fed   Thumb Code    48  cmsis_os2.o(i.osKernelStart)
    osMessageQueueGet                        0x08007025   Thumb Code    96  cmsis_os2.o(i.osMessageQueueGet)
    osMessageQueueNew                        0x08007089   Thumb Code    88  cmsis_os2.o(i.osMessageQueueNew)
    osMessageQueuePut                        0x080070e1   Thumb Code   100  cmsis_os2.o(i.osMessageQueuePut)
    osMutexAcquire                           0x08007149   Thumb Code    82  cmsis_os2.o(i.osMutexAcquire)
    osMutexNew                               0x0800719b   Thumb Code   104  cmsis_os2.o(i.osMutexNew)
    osMutexRelease                           0x08007203   Thumb Code    66  cmsis_os2.o(i.osMutexRelease)
    osThreadNew                              0x08007245   Thumb Code   138  cmsis_os2.o(i.osThreadNew)
    pvPortMalloc                             0x08007a91   Thumb Code   216  heap_4.o(i.pvPortMalloc)
    pvTaskIncrementMutexHeldCount            0x08007b6d   Thumb Code    18  tasks.o(i.pvTaskIncrementMutexHeldCount)
    pxPortInitialiseStack                    0x08007b85   Thumb Code    40  port.o(i.pxPortInitialiseStack)
    uxListRemove                             0x08007bb1   Thumb Code    38  list.o(i.uxListRemove)
    uxTaskResetEventItemValue                0x08007bd9   Thumb Code    20  tasks.o(i.uxTaskResetEventItemValue)
    vApplicationGetIdleTaskMemory            0x08007bf1   Thumb Code    16  cmsis_os2.o(i.vApplicationGetIdleTaskMemory)
    vApplicationGetTimerTaskMemory           0x08007c05   Thumb Code    18  cmsis_os2.o(i.vApplicationGetTimerTaskMemory)
    vEventGroupClearBitsCallback             0x08007c1d   Thumb Code     4  event_groups.o(i.vEventGroupClearBitsCallback)
    vEventGroupSetBitsCallback               0x08007c21   Thumb Code     4  event_groups.o(i.vEventGroupSetBitsCallback)
    vListInitialise                          0x08007c25   Thumb Code    22  list.o(i.vListInitialise)
    vListInitialiseItem                      0x08007c3b   Thumb Code     6  list.o(i.vListInitialiseItem)
    vListInsert                              0x08007c41   Thumb Code    48  list.o(i.vListInsert)
    vListInsertEnd                           0x08007c71   Thumb Code    24  list.o(i.vListInsertEnd)
    vPortEnterCritical                       0x08007c89   Thumb Code    54  port.o(i.vPortEnterCritical)
    vPortExitCritical                        0x08007cc9   Thumb Code    34  port.o(i.vPortExitCritical)
    vPortFree                                0x08007cf1   Thumb Code    94  heap_4.o(i.vPortFree)
    vPortSetupTimerInterrupt                 0x08007d55   Thumb Code    32  port.o(i.vPortSetupTimerInterrupt)
    vPortValidateInterruptPriority           0x08007d79   Thumb Code    74  port.o(i.vPortValidateInterruptPriority)
    vQueueAddToRegistry                      0x08007dcd   Thumb Code    34  queue.o(i.vQueueAddToRegistry)
    vQueueWaitForMessageRestricted           0x08007df5   Thumb Code    68  queue.o(i.vQueueWaitForMessageRestricted)
    vTaskDelay                               0x08007e39   Thumb Code    66  tasks.o(i.vTaskDelay)
    vTaskInternalSetTimeOutState             0x08007e85   Thumb Code    12  tasks.o(i.vTaskInternalSetTimeOutState)
    vTaskMissedYield                         0x08007e95   Thumb Code     8  tasks.o(i.vTaskMissedYield)
    vTaskPlaceOnEventList                    0x08007ea1   Thumb Code    44  tasks.o(i.vTaskPlaceOnEventList)
    vTaskPlaceOnEventListRestricted          0x08007ed1   Thumb Code    52  tasks.o(i.vTaskPlaceOnEventListRestricted)
    vTaskPlaceOnUnorderedEventList           0x08007f09   Thumb Code    76  tasks.o(i.vTaskPlaceOnUnorderedEventList)
    vTaskPriorityDisinheritAfterTimeout      0x08007f59   Thumb Code   134  tasks.o(i.vTaskPriorityDisinheritAfterTimeout)
    vTaskRemoveFromUnorderedEventList        0x08007fe9   Thumb Code   102  tasks.o(i.vTaskRemoveFromUnorderedEventList)
    vTaskStartScheduler                      0x08008059   Thumb Code   118  tasks.o(i.vTaskStartScheduler)
    vTaskSuspendAll                          0x080080e1   Thumb Code    10  tasks.o(i.vTaskSuspendAll)
    vTaskSwitchContext                       0x080080f1   Thumb Code    90  tasks.o(i.vTaskSwitchContext)
    xEventGroupClearBits                     0x08008155   Thumb Code    64  event_groups.o(i.xEventGroupClearBits)
    xEventGroupClearBitsFromISR              0x08008195   Thumb Code    12  event_groups.o(i.xEventGroupClearBitsFromISR)
    xEventGroupCreate                        0x080081a5   Thumb Code    28  event_groups.o(i.xEventGroupCreate)
    xEventGroupCreateStatic                  0x080081c1   Thumb Code    44  event_groups.o(i.xEventGroupCreateStatic)
    xEventGroupGetBitsFromISR                0x080081ed   Thumb Code    26  event_groups.o(i.xEventGroupGetBitsFromISR)
    xEventGroupSetBits                       0x08008207   Thumb Code   140  event_groups.o(i.xEventGroupSetBits)
    xEventGroupSetBitsFromISR                0x08008295   Thumb Code    12  event_groups.o(i.xEventGroupSetBitsFromISR)
    xEventGroupWaitBits                      0x080082a5   Thumb Code   260  event_groups.o(i.xEventGroupWaitBits)
    xPortStartScheduler                      0x080083ad   Thumb Code   222  port.o(i.xPortStartScheduler)
    xPortSysTickHandler                      0x080084a1   Thumb Code    38  port.o(i.xPortSysTickHandler)
    xQueueCreateMutex                        0x080084cd   Thumb Code    22  queue.o(i.xQueueCreateMutex)
    xQueueCreateMutexStatic                  0x080084e3   Thumb Code    26  queue.o(i.xQueueCreateMutexStatic)
    xQueueGenericCreate                      0x080084fd   Thumb Code    66  queue.o(i.xQueueGenericCreate)
    xQueueGenericCreateStatic                0x0800853f   Thumb Code   102  queue.o(i.xQueueGenericCreateStatic)
    xQueueGenericReset                       0x080085a5   Thumb Code   132  queue.o(i.xQueueGenericReset)
    xQueueGenericSend                        0x0800862d   Thumb Code   346  queue.o(i.xQueueGenericSend)
    xQueueGenericSendFromISR                 0x0800878d   Thumb Code   190  queue.o(i.xQueueGenericSendFromISR)
    xQueueGiveMutexRecursive                 0x0800884b   Thumb Code    62  queue.o(i.xQueueGiveMutexRecursive)
    xQueueReceive                            0x08008889   Thumb Code   308  queue.o(i.xQueueReceive)
    xQueueReceiveFromISR                     0x080089c1   Thumb Code   154  queue.o(i.xQueueReceiveFromISR)
    xQueueSemaphoreTake                      0x08008a5d   Thumb Code   372  queue.o(i.xQueueSemaphoreTake)
    xQueueTakeMutexRecursive                 0x08008bd5   Thumb Code    64  queue.o(i.xQueueTakeMutexRecursive)
    xTaskCheckForTimeOut                     0x08008c15   Thumb Code   112  tasks.o(i.xTaskCheckForTimeOut)
    xTaskCreate                              0x08008c89   Thumb Code    90  tasks.o(i.xTaskCreate)
    xTaskCreateStatic                        0x08008ce3   Thumb Code    86  tasks.o(i.xTaskCreateStatic)
    xTaskGetCurrentTaskHandle                0x08008d39   Thumb Code     6  tasks.o(i.xTaskGetCurrentTaskHandle)
    xTaskGetSchedulerState                   0x08008d45   Thumb Code    22  tasks.o(i.xTaskGetSchedulerState)
    xTaskGetTickCount                        0x08008d61   Thumb Code     6  tasks.o(i.xTaskGetTickCount)
    xTaskIncrementTick                       0x08008d6d   Thumb Code   192  tasks.o(i.xTaskIncrementTick)
    xTaskPriorityDisinherit                  0x08008e35   Thumb Code   118  tasks.o(i.xTaskPriorityDisinherit)
    xTaskPriorityInherit                     0x08008eb5   Thumb Code   112  tasks.o(i.xTaskPriorityInherit)
    xTaskRemoveFromEventList                 0x08008f2d   Thumb Code    98  tasks.o(i.xTaskRemoveFromEventList)
    xTaskResumeAll                           0x08008f9d   Thumb Code   182  tasks.o(i.xTaskResumeAll)
    xTimerCreateTimerTask                    0x08009061   Thumb Code    78  timers.o(i.xTimerCreateTimerTask)
    xTimerGenericCommand                     0x080090c1   Thumb Code    98  timers.o(i.xTimerGenericCommand)
    xTimerPendFunctionCallFromISR            0x08009129   Thumb Code    34  timers.o(i.xTimerPendFunctionCallFromISR)
    defaultTask_attributes                   0x08009158   Data          36  freertos.o(.constdata)
    SensorTask_attributes                    0x0800917c   Data          36  freertos.o(.constdata)
    LogicTask_attributes                     0x080091a0   Data          36  freertos.o(.constdata)
    DisplayTask_attributes                   0x080091c4   Data          36  freertos.o(.constdata)
    AlarmTask_attributes                     0x080091e8   Data          36  freertos.o(.constdata)
    KeepAlive_attributes                     0x0800920c   Data          36  freertos.o(.constdata)
    RGBTask_attributes                       0x08009230   Data          36  freertos.o(.constdata)
    BluetoothTask_attributes                 0x08009254   Data          36  freertos.o(.constdata)
    q_SensorData_attributes                  0x08009278   Data          24  freertos.o(.constdata)
    q_KeyEvt_attributes                      0x08009290   Data          24  freertos.o(.constdata)
    q_RGBCmd_attributes                      0x080092a8   Data          24  freertos.o(.constdata)
    m_I2C_attributes                         0x080092c0   Data          16  freertos.o(.constdata)
    evt_Alarm_attributes                     0x080092d0   Data          16  freertos.o(.constdata)
    AHBPrescTable                            0x080092e8   Data          16  system_stm32f4xx.o(.constdata)
    APBPrescTable                            0x080092f8   Data           8  system_stm32f4xx.o(.constdata)
    asc2_0806                                0x08009300   Data         552  bsp_oled.o(.constdata)
    asc2_1206                                0x08009528   Data        1140  bsp_oled.o(.constdata)
    asc2_1608                                0x0800999c   Data        1520  bsp_oled.o(.constdata)
    asc2_2412                                0x08009f8c   Data        3420  bsp_oled.o(.constdata)
    Hzk1                                     0x0800ace8   Data         480  bsp_oled.o(.constdata)
    Hzk2                                     0x0800aec8   Data          72  bsp_oled.o(.constdata)
    Hzk3                                     0x0800af10   Data         128  bsp_oled.o(.constdata)
    Hzk4                                     0x0800af90   Data         512  bsp_oled.o(.constdata)
    SEG_CODE                                 0x0800b190   Data          10  bsp_seg.o(.constdata)
    Region$$Table$$Base                      0x0800b238   Number         0  anon$$obj.o(Region$$Table)
    Region$$Table$$Limit                     0x0800b258   Number         0  anon$$obj.o(Region$$Table)
    ch                                       0x20000000   Data           1  main.o(.data)
    ch_r                                     0x20000001   Data           1  main.o(.data)
    g_DisplayPage                            0x20000004   Data           1  freertos.o(.data)
    g_AlarmThreshold                         0x20000008   Data           4  freertos.o(.data)
    defaultTaskHandle                        0x20000010   Data           4  freertos.o(.data)
    SensorTaskHandle                         0x20000014   Data           4  freertos.o(.data)
    LogicTaskHandle                          0x20000018   Data           4  freertos.o(.data)
    DisplayTaskHandle                        0x2000001c   Data           4  freertos.o(.data)
    AlarmTaskHandle                          0x20000020   Data           4  freertos.o(.data)
    KeepAliveHandle                          0x20000024   Data           4  freertos.o(.data)
    RGBTaskHandle                            0x20000028   Data           4  freertos.o(.data)
    BluetoothTaskHandle                      0x2000002c   Data           4  freertos.o(.data)
    q_SensorDataHandle                       0x20000030   Data           4  freertos.o(.data)
    q_KeyEvtHandle                           0x20000034   Data           4  freertos.o(.data)
    q_RGBCmdHandle                           0x20000038   Data           4  freertos.o(.data)
    m_I2CHandle                              0x2000003c   Data           4  freertos.o(.data)
    evt_AlarmHandle                          0x20000040   Data           4  freertos.o(.data)
    hcrc                                     0x20000044   Data           8  crc.o(.data)
    pFlash                                   0x2000004c   Data          32  stm32f4xx_hal_flash.o(.data)
    uwTickFreq                               0x2000006c   Data           1  stm32f4xx_hal.o(.data)
    uwTickPrio                               0x20000070   Data           4  stm32f4xx_hal.o(.data)
    uwTick                                   0x20000074   Data           4  stm32f4xx_hal.o(.data)
    SystemCoreClock                          0x20000078   Data           4  system_stm32f4xx.o(.data)
    pxCurrentTCB                             0x2000007c   Data           4  tasks.o(.data)
    g_rgb_busy                               0x2000011c   Data           1  bsp_rgb.o(.data)
    g_RGB_Data                               0x2000011d   Data           3  bsp_rgb.o(.data)
    SEG_DATA                                 0x20000121   Data           2  bsp_seg.o(.data)
    __stdout                                 0x20000124   Data           4  stdout.o(.data)
    g_LatestSensorData                       0x20000128   Data          12  freertos.o(.bss)
    hadc1                                    0x20000134   Data          72  adc.o(.bss)
    hdma_adc1                                0x2000017c   Data          96  adc.o(.bss)
    hi2c1                                    0x200001dc   Data          84  i2c.o(.bss)
    hiwdg                                    0x20000230   Data          12  iwdg.o(.bss)
    htim1                                    0x2000023c   Data          72  tim.o(.bss)
    htim2                                    0x20000284   Data          72  tim.o(.bss)
    htim4                                    0x200002cc   Data          72  tim.o(.bss)
    hdma_tim1_ch4_trig_com                   0x20000314   Data          96  tim.o(.bss)
    huart2                                   0x20000374   Data          72  usart.o(.bss)
    huart6                                   0x200003bc   Data          72  usart.o(.bss)
    htim10                                   0x20000404   Data          72  stm32f4xx_hal_timebase_tim.o(.bss)
    xQueueRegistry                           0x2000044c   Data          64  queue.o(.bss)
    OLED_GRAM                                0x20004da0   Data        1152  bsp_oled.o(.bss)
    g_rgb_dma_buffer                         0x20005220   Data         148  bsp_rgb.o(.bss)
    __initial_sp                             0x200056b8   Data           0  startup_stm32f411xe.o(STACK)



==============================================================================

Memory Map of the image

  Image Entry point : 0x08000199

  Load Region LR_IROM1 (Base: 0x08000000, Size: 0x0000b380, Max: 0x00080000, ABSOLUTE)

    Execution Region ER_IROM1 (Exec base: 0x08000000, Load base: 0x08000000, Size: 0x0000b258, Max: 0x00080000, ABSOLUTE)

    Exec Addr    Load Addr    Size         Type   Attr      Idx    E Section Name        Object

    0x08000000   0x08000000   0x00000198   Data   RO            3    RESET               startup_stm32f411xe.o
    0x08000198   0x08000198   0x00000000   Code   RO         6589  * .ARM.Collect$$$$00000000  mc_w.l(entry.o)
    0x08000198   0x08000198   0x00000004   Code   RO         6869    .ARM.Collect$$$$00000001  mc_w.l(entry2.o)
    0x0800019c   0x0800019c   0x00000004   Code   RO         6872    .ARM.Collect$$$$00000004  mc_w.l(entry5.o)
    0x080001a0   0x080001a0   0x00000000   Code   RO         6874    .ARM.Collect$$$$00000008  mc_w.l(entry7b.o)
    0x080001a0   0x080001a0   0x00000000   Code   RO         6876    .ARM.Collect$$$$0000000A  mc_w.l(entry8b.o)
    0x080001a0   0x080001a0   0x00000008   Code   RO         6877    .ARM.Collect$$$$0000000B  mc_w.l(entry9a.o)
    0x080001a8   0x080001a8   0x00000004   Code   RO         6884    .ARM.Collect$$$$0000000E  mc_w.l(entry12b.o)
    0x080001ac   0x080001ac   0x00000000   Code   RO         6879    .ARM.Collect$$$$0000000F  mc_w.l(entry10a.o)
    0x080001ac   0x080001ac   0x00000000   Code   RO         6881    .ARM.Collect$$$$00000011  mc_w.l(entry11a.o)
    0x080001ac   0x080001ac   0x00000004   Code   RO         6870    .ARM.Collect$$$$00002712  mc_w.l(entry2.o)
    0x080001b0   0x080001b0   0x000000be   Code   RO         6019    .emb_text           port.o
    0x0800026e   0x0800026e   0x00000002   PAD
    0x08000270   0x08000270   0x00000024   Code   RO            4    .text               startup_stm32f411xe.o
    0x08000294   0x08000294   0x00000062   Code   RO         6592    .text               mc_w.l(uldiv.o)
    0x080002f6   0x080002f6   0x00000024   Code   RO         6594    .text               mc_w.l(memcpya.o)
    0x0800031a   0x0800031a   0x00000024   Code   RO         6598    .text               mc_w.l(memseta.o)
    0x0800033e   0x0800033e   0x00000024   Code   RO         6600    .text               mc_w.l(strstr.o)
    0x08000362   0x08000362   0x0000000e   Code   RO         6602    .text               mc_w.l(strlen.o)
    0x08000370   0x08000370   0x00000026   Code   RO         6867    .text               mf_w.l(f2d.o)
    0x08000396   0x08000396   0x0000002c   Code   RO         6886    .text               mc_w.l(uidiv.o)
    0x080003c2   0x080003c2   0x0000001e   Code   RO         6888    .text               mc_w.l(llshl.o)
    0x080003e0   0x080003e0   0x00000020   Code   RO         6890    .text               mc_w.l(llushr.o)
    0x08000400   0x08000400   0x00000000   Code   RO         6892    .text               mc_w.l(iusefp.o)
    0x08000400   0x08000400   0x0000014e   Code   RO         6893    .text               mf_w.l(dadd.o)
    0x0800054e   0x0800054e   0x000000e4   Code   RO         6895    .text               mf_w.l(dmul.o)
    0x08000632   0x08000632   0x000000de   Code   RO         6897    .text               mf_w.l(ddiv.o)
    0x08000710   0x08000710   0x00000030   Code   RO         6899    .text               mf_w.l(dfixul.o)
    0x08000740   0x08000740   0x00000030   Code   RO         6901    .text               mf_w.l(cdrcmple.o)
    0x08000770   0x08000770   0x00000024   Code   RO         6903    .text               mc_w.l(init.o)
    0x08000794   0x08000794   0x00000024   Code   RO         6905    .text               mc_w.l(llsshr.o)
    0x080007b8   0x080007b8   0x000000ba   Code   RO         6907    .text               mf_w.l(depilogue.o)
    0x08000872   0x08000872   0x0000006e   Code   RO         1877    i.ADC_DMAConvCplt   stm32f4xx_hal_adc.o
    0x080008e0   0x080008e0   0x00000016   Code   RO         1878    i.ADC_DMAError      stm32f4xx_hal_adc.o
    0x080008f6   0x080008f6   0x0000000a   Code   RO         1879    i.ADC_DMAHalfConvCplt  stm32f4xx_hal_adc.o
    0x08000900   0x08000900   0x00000128   Code   RO         1880    i.ADC_Init          stm32f4xx_hal_adc.o
    0x08000a28   0x08000a28   0x0000000c   Code   RO         6099    i.BSP_ADC_GetRaw    bsp_adc.o
    0x08000a34   0x08000a34   0x00000014   Code   RO         6101    i.BSP_ADC_Init      bsp_adc.o
    0x08000a48   0x08000a48   0x0000010c   Code   RO         6137    i.BSP_BT_Init       bsp_bt.o
    0x08000b54   0x08000b54   0x00000090   Code   RO         6138    i.BSP_BT_ProcessTask  bsp_bt.o
    0x08000be4   0x08000be4   0x0000003c   Code   RO         6139    i.BSP_BT_RxCallback  bsp_bt.o
    0x08000c20   0x08000c20   0x00000018   Code   RO         6196    i.BSP_Buzzer_Off    bsp_buzzer.o
    0x08000c38   0x08000c38   0x0000003c   Code   RO         6197    i.BSP_Buzzer_SetTone  bsp_buzzer.o
    0x08000c74   0x08000c74   0x0000000c   Code   RO         6272    i.BSP_Freq_Get      bsp_freq.o
    0x08000c80   0x08000c80   0x0000000c   Code   RO         6273    i.BSP_Freq_Init     bsp_freq.o
    0x08000c8c   0x08000c8c   0x000000f0   Code   RO         6561    i.BSP_LEDSEG_ShowNum  bsp_seg.o
    0x08000d7c   0x08000d7c   0x0000001c   Code   RO         6335    i.BSP_LM75_Init     bsp_lm75.o
    0x08000d98   0x08000d98   0x00000048   Code   RO         6336    i.BSP_LM75_ReadTemp  bsp_lm75.o
    0x08000de0   0x08000de0   0x00000016   Code   RO         6509    i.BSP_RGB_Init      bsp_rgb.o
    0x08000df6   0x08000df6   0x00000002   PAD
    0x08000df8   0x08000df8   0x00000030   Code   RO         6510    i.BSP_RGB_SendCmd   bsp_rgb.o
    0x08000e28   0x08000e28   0x00000014   Code   RO         6511    i.BSP_RGB_Set       bsp_rgb.o
    0x08000e3c   0x08000e3c   0x00000070   Code   RO         6512    i.BSP_RGB_Show      bsp_rgb.o
    0x08000eac   0x08000eac   0x00000030   Code   RO         6231    i.BSP_Settings_Read  bsp_flash_crc.o
    0x08000edc   0x08000edc   0x00000068   Code   RO         6232    i.BSP_Settings_Save  bsp_flash_crc.o
    0x08000f44   0x08000f44   0x0000001c   Code   RO         6140    i.BT_RawSend        bsp_bt.o
    0x08000f60   0x08000f60   0x00000050   Code   RO         6141    i.BT_SendCmd_CheckACK  bsp_bt.o
    0x08000fb0   0x08000fb0   0x00000002   Code   RO          723    i.BusFault_Handler  stm32f4xx_it.o
    0x08000fb2   0x08000fb2   0x00000002   PAD
    0x08000fb4   0x08000fb4   0x0000001c   Code   RO         6233    i.Calculate_Settings_CRC  bsp_flash_crc.o
    0x08000fd0   0x08000fd0   0x0000000c   Code   RO          724    i.DMA2_Stream0_IRQHandler  stm32f4xx_it.o
    0x08000fdc   0x08000fdc   0x0000000c   Code   RO          725    i.DMA2_Stream4_IRQHandler  stm32f4xx_it.o
    0x08000fe8   0x08000fe8   0x00000028   Code   RO         2668    i.DMA_CalcBaseAndBitshift  stm32f4xx_hal_dma.o
    0x08001010   0x08001010   0x00000054   Code   RO         2669    i.DMA_CheckFifoParam  stm32f4xx_hal_dma.o
    0x08001064   0x08001064   0x00000028   Code   RO         2670    i.DMA_SetConfig     stm32f4xx_hal_dma.o
    0x0800108c   0x0800108c   0x00000002   Code   RO          726    i.DebugMon_Handler  stm32f4xx_it.o
    0x0800108e   0x0800108e   0x00000008   Code   RO          727    i.EXTI15_10_IRQHandler  stm32f4xx_it.o
    0x08001096   0x08001096   0x00000006   Code   RO          728    i.EXTI4_IRQHandler  stm32f4xx_it.o
    0x0800109c   0x0800109c   0x00000014   Code   RO          729    i.EXTI9_5_IRQHandler  stm32f4xx_it.o
    0x080010b0   0x080010b0   0x00000004   Code   RO           13    i.Error_Handler     main.o
    0x080010b4   0x080010b4   0x00000050   Code   RO         2435    i.FLASH_Erase_Sector  stm32f4xx_hal_flash_ex.o
    0x08001104   0x08001104   0x00000054   Code   RO         2436    i.FLASH_FlushCaches  stm32f4xx_hal_flash_ex.o
    0x08001158   0x08001158   0x00000028   Code   RO         2437    i.FLASH_MassErase   stm32f4xx_hal_flash_ex.o
    0x08001180   0x08001180   0x00000020   Code   RO         2317    i.FLASH_Program_Byte  stm32f4xx_hal_flash.o
    0x080011a0   0x080011a0   0x0000002c   Code   RO         2318    i.FLASH_Program_DoubleWord  stm32f4xx_hal_flash.o
    0x080011cc   0x080011cc   0x00000024   Code   RO         2319    i.FLASH_Program_HalfWord  stm32f4xx_hal_flash.o
    0x080011f0   0x080011f0   0x00000024   Code   RO         2320    i.FLASH_Program_Word  stm32f4xx_hal_flash.o
    0x08001214   0x08001214   0x0000007c   Code   RO         2321    i.FLASH_SetErrorCode  stm32f4xx_hal_flash.o
    0x08001290   0x08001290   0x00000050   Code   RO         2322    i.FLASH_WaitForLastOperation  stm32f4xx_hal_flash.o
    0x080012e0   0x080012e0   0x00000164   Code   RO         1882    i.HAL_ADC_ConfigChannel  stm32f4xx_hal_adc.o
    0x08001444   0x08001444   0x00000002   Code   RO         1883    i.HAL_ADC_ConvCpltCallback  stm32f4xx_hal_adc.o
    0x08001446   0x08001446   0x00000002   Code   RO         1884    i.HAL_ADC_ConvHalfCpltCallback  stm32f4xx_hal_adc.o
    0x08001448   0x08001448   0x00000002   Code   RO         1886    i.HAL_ADC_ErrorCallback  stm32f4xx_hal_adc.o
    0x0800144a   0x0800144a   0x00000054   Code   RO         1891    i.HAL_ADC_Init      stm32f4xx_hal_adc.o
    0x0800149e   0x0800149e   0x00000002   PAD
    0x080014a0   0x080014a0   0x0000009c   Code   RO          412    i.HAL_ADC_MspInit   adc.o
    0x0800153c   0x0800153c   0x00000128   Code   RO         1898    i.HAL_ADC_Start_DMA  stm32f4xx_hal_adc.o
    0x08001664   0x08001664   0x00000026   Code   RO         3383    i.HAL_CRC_Accumulate  stm32f4xx_hal_crc.o
    0x0800168a   0x0800168a   0x00000022   Code   RO         3387    i.HAL_CRC_Init      stm32f4xx_hal_crc.o
    0x080016ac   0x080016ac   0x00000028   Code   RO          454    i.HAL_CRC_MspInit   crc.o
    0x080016d4   0x080016d4   0x00000092   Code   RO         2671    i.HAL_DMA_Abort     stm32f4xx_hal_dma.o
    0x08001766   0x08001766   0x00000024   Code   RO         2672    i.HAL_DMA_Abort_IT  stm32f4xx_hal_dma.o
    0x0800178a   0x0800178a   0x00000006   Code   RO         2675    i.HAL_DMA_GetState  stm32f4xx_hal_dma.o
    0x08001790   0x08001790   0x000001a0   Code   RO         2676    i.HAL_DMA_IRQHandler  stm32f4xx_hal_dma.o
    0x08001930   0x08001930   0x000000d4   Code   RO         2677    i.HAL_DMA_Init      stm32f4xx_hal_dma.o
    0x08001a04   0x08001a04   0x0000006e   Code   RO         2681    i.HAL_DMA_Start_IT  stm32f4xx_hal_dma.o
    0x08001a72   0x08001a72   0x00000002   PAD
    0x08001a74   0x08001a74   0x00000098   Code   RO         2440    i.HAL_FLASHEx_Erase  stm32f4xx_hal_flash_ex.o
    0x08001b0c   0x08001b0c   0x00000014   Code   RO         2326    i.HAL_FLASH_Lock    stm32f4xx_hal_flash.o
    0x08001b20   0x08001b20   0x0000007c   Code   RO         2331    i.HAL_FLASH_Program  stm32f4xx_hal_flash.o
    0x08001b9c   0x08001b9c   0x0000002c   Code   RO         2333    i.HAL_FLASH_Unlock  stm32f4xx_hal_flash.o
    0x08001bc8   0x08001bc8   0x00000044   Code   RO         6310    i.HAL_GPIO_EXTI_Callback  bsp_key.o
    0x08001c0c   0x08001c0c   0x00000018   Code   RO         2563    i.HAL_GPIO_EXTI_IRQHandler  stm32f4xx_hal_gpio.o
    0x08001c24   0x08001c24   0x000001e0   Code   RO         2564    i.HAL_GPIO_Init     stm32f4xx_hal_gpio.o
    0x08001e04   0x08001e04   0x00000010   Code   RO         2567    i.HAL_GPIO_TogglePin  stm32f4xx_hal_gpio.o
    0x08001e14   0x08001e14   0x0000000a   Code   RO         2568    i.HAL_GPIO_WritePin  stm32f4xx_hal_gpio.o
    0x08001e1e   0x08001e1e   0x00000002   PAD
    0x08001e20   0x08001e20   0x0000000c   Code   RO         3138    i.HAL_GetTick       stm32f4xx_hal.o
    0x08001e2c   0x08001e2c   0x00000002   Code   RO         3443    i.HAL_I2C_AbortCpltCallback  stm32f4xx_hal_i2c.o
    0x08001e2e   0x08001e2e   0x00000002   Code   RO         3444    i.HAL_I2C_AddrCallback  stm32f4xx_hal_i2c.o
    0x08001e30   0x08001e30   0x000000ba   Code   RO         3447    i.HAL_I2C_ER_IRQHandler  stm32f4xx_hal_i2c.o
    0x08001eea   0x08001eea   0x00000230   Code   RO         3448    i.HAL_I2C_EV_IRQHandler  stm32f4xx_hal_i2c.o
    0x0800211a   0x0800211a   0x00000002   Code   RO         3450    i.HAL_I2C_ErrorCallback  stm32f4xx_hal_i2c.o
    0x0800211c   0x0800211c   0x00000188   Code   RO         3454    i.HAL_I2C_Init      stm32f4xx_hal_i2c.o
    0x080022a4   0x080022a4   0x0000016c   Code   RO         3455    i.HAL_I2C_IsDeviceReady  stm32f4xx_hal_i2c.o
    0x08002410   0x08002410   0x00000002   Code   RO         3456    i.HAL_I2C_ListenCpltCallback  stm32f4xx_hal_i2c.o
    0x08002412   0x08002412   0x00000002   Code   RO         3457    i.HAL_I2C_MasterRxCpltCallback  stm32f4xx_hal_i2c.o
    0x08002414   0x08002414   0x00000002   Code   RO         3458    i.HAL_I2C_MasterTxCpltCallback  stm32f4xx_hal_i2c.o
    0x08002416   0x08002416   0x00000002   Code   RO         3470    i.HAL_I2C_MemRxCpltCallback  stm32f4xx_hal_i2c.o
    0x08002418   0x08002418   0x00000002   Code   RO         3471    i.HAL_I2C_MemTxCpltCallback  stm32f4xx_hal_i2c.o
    0x0800241a   0x0800241a   0x00000002   PAD
    0x0800241c   0x0800241c   0x00000204   Code   RO         3472    i.HAL_I2C_Mem_Read  stm32f4xx_hal_i2c.o
    0x08002620   0x08002620   0x0000008c   Code   RO          520    i.HAL_I2C_MspInit   i2c.o
    0x080026ac   0x080026ac   0x00000002   Code   RO         3480    i.HAL_I2C_SlaveRxCpltCallback  stm32f4xx_hal_i2c.o
    0x080026ae   0x080026ae   0x00000002   Code   RO         3481    i.HAL_I2C_SlaveTxCpltCallback  stm32f4xx_hal_i2c.o
    0x080026b0   0x080026b0   0x0000005e   Code   RO         3910    i.HAL_IWDG_Init     stm32f4xx_hal_iwdg.o
    0x0800270e   0x0800270e   0x0000000c   Code   RO         3911    i.HAL_IWDG_Refresh  stm32f4xx_hal_iwdg.o
    0x0800271a   0x0800271a   0x00000002   PAD
    0x0800271c   0x0800271c   0x00000010   Code   RO         3144    i.HAL_IncTick       stm32f4xx_hal.o
    0x0800272c   0x0800272c   0x00000034   Code   RO         3145    i.HAL_Init          stm32f4xx_hal.o
    0x08002760   0x08002760   0x0000008c   Code   RO          865    i.HAL_InitTick      stm32f4xx_hal_timebase_tim.o
    0x080027ec   0x080027ec   0x00000038   Code   RO          841    i.HAL_MspInit       stm32f4xx_hal_msp.o
    0x08002824   0x08002824   0x0000001a   Code   RO         2980    i.HAL_NVIC_EnableIRQ  stm32f4xx_hal_cortex.o
    0x0800283e   0x0800283e   0x00000002   PAD
    0x08002840   0x08002840   0x00000040   Code   RO         2986    i.HAL_NVIC_SetPriority  stm32f4xx_hal_cortex.o
    0x08002880   0x08002880   0x00000024   Code   RO         2987    i.HAL_NVIC_SetPriorityGrouping  stm32f4xx_hal_cortex.o
    0x080028a4   0x080028a4   0x00000134   Code   RO         2156    i.HAL_RCC_ClockConfig  stm32f4xx_hal_rcc.o
    0x080029d8   0x080029d8   0x00000040   Code   RO         2160    i.HAL_RCC_GetClockConfig  stm32f4xx_hal_rcc.o
    0x08002a18   0x08002a18   0x00000020   Code   RO         2163    i.HAL_RCC_GetPCLK1Freq  stm32f4xx_hal_rcc.o
    0x08002a38   0x08002a38   0x00000020   Code   RO         2164    i.HAL_RCC_GetPCLK2Freq  stm32f4xx_hal_rcc.o
    0x08002a58   0x08002a58   0x00000060   Code   RO         2165    i.HAL_RCC_GetSysClockFreq  stm32f4xx_hal_rcc.o
    0x08002ab8   0x08002ab8   0x0000036c   Code   RO         2168    i.HAL_RCC_OscConfig  stm32f4xx_hal_rcc.o
    0x08002e24   0x08002e24   0x00000002   Code   RO         1610    i.HAL_TIMEx_BreakCallback  stm32f4xx_hal_tim_ex.o
    0x08002e26   0x08002e26   0x00000002   Code   RO         1611    i.HAL_TIMEx_CommutCallback  stm32f4xx_hal_tim_ex.o
    0x08002e28   0x08002e28   0x00000054   Code   RO         1613    i.HAL_TIMEx_ConfigBreakDeadTime  stm32f4xx_hal_tim_ex.o
    0x08002e7c   0x08002e7c   0x0000007c   Code   RO         1629    i.HAL_TIMEx_MasterConfigSynchronization  stm32f4xx_hal_tim_ex.o
    0x08002ef8   0x08002ef8   0x0000005a   Code   RO          906    i.HAL_TIM_Base_Init  stm32f4xx_hal_tim.o
    0x08002f52   0x08002f52   0x00000002   PAD
    0x08002f54   0x08002f54   0x00000084   Code   RO          592    i.HAL_TIM_Base_MspInit  tim.o
    0x08002fd8   0x08002fd8   0x0000006c   Code   RO          911    i.HAL_TIM_Base_Start_IT  stm32f4xx_hal_tim.o
    0x08003044   0x08003044   0x000000dc   Code   RO          915    i.HAL_TIM_ConfigClockSource  stm32f4xx_hal_tim.o
    0x08003120   0x08003120   0x00000002   Code   RO          936    i.HAL_TIM_ErrorCallback  stm32f4xx_hal_tim.o
    0x08003122   0x08003122   0x00000002   PAD
    0x08003124   0x08003124   0x00000074   Code   RO         6274    i.HAL_TIM_IC_CaptureCallback  bsp_freq.o
    0x08003198   0x08003198   0x00000124   Code   RO          942    i.HAL_TIM_IC_ConfigChannel  stm32f4xx_hal_tim.o
    0x080032bc   0x080032bc   0x0000005a   Code   RO          945    i.HAL_TIM_IC_Init   stm32f4xx_hal_tim.o
    0x08003316   0x08003316   0x00000002   PAD
    0x08003318   0x08003318   0x00000074   Code   RO          594    i.HAL_TIM_IC_MspInit  tim.o
    0x0800338c   0x0800338c   0x000000f8   Code   RO          950    i.HAL_TIM_IC_Start_IT  stm32f4xx_hal_tim.o
    0x08003484   0x08003484   0x00000130   Code   RO          954    i.HAL_TIM_IRQHandler  stm32f4xx_hal_tim.o
    0x080035b4   0x080035b4   0x00000074   Code   RO          595    i.HAL_TIM_MspPostInit  tim.o
    0x08003628   0x08003628   0x00000002   Code   RO          957    i.HAL_TIM_OC_DelayElapsedCallback  stm32f4xx_hal_tim.o
    0x0800362a   0x0800362a   0x000000cc   Code   RO          978    i.HAL_TIM_PWM_ConfigChannel  stm32f4xx_hal_tim.o
    0x080036f6   0x080036f6   0x0000005a   Code   RO          981    i.HAL_TIM_PWM_Init  stm32f4xx_hal_tim.o
    0x08003750   0x08003750   0x00000024   Code   RO          597    i.HAL_TIM_PWM_MspInit  tim.o
    0x08003774   0x08003774   0x00000034   Code   RO         6513    i.HAL_TIM_PWM_PulseFinishedCallback  bsp_rgb.o
    0x080037a8   0x080037a8   0x00000002   Code   RO          985    i.HAL_TIM_PWM_PulseFinishedHalfCpltCallback  stm32f4xx_hal_tim.o
    0x080037aa   0x080037aa   0x00000002   PAD
    0x080037ac   0x080037ac   0x000000b0   Code   RO          986    i.HAL_TIM_PWM_Start  stm32f4xx_hal_tim.o
    0x0800385c   0x0800385c   0x000001a8   Code   RO          987    i.HAL_TIM_PWM_Start_DMA  stm32f4xx_hal_tim.o
    0x08003a04   0x08003a04   0x00000070   Code   RO          989    i.HAL_TIM_PWM_Stop  stm32f4xx_hal_tim.o
    0x08003a74   0x08003a74   0x000000c4   Code   RO          990    i.HAL_TIM_PWM_Stop_DMA  stm32f4xx_hal_tim.o
    0x08003b38   0x08003b38   0x00000014   Code   RO           14    i.HAL_TIM_PeriodElapsedCallback  main.o
    0x08003b4c   0x08003b4c   0x0000002a   Code   RO          994    i.HAL_TIM_ReadCapturedValue  stm32f4xx_hal_tim.o
    0x08003b76   0x08003b76   0x00000002   Code   RO          997    i.HAL_TIM_TriggerCallback  stm32f4xx_hal_tim.o
    0x08003b78   0x08003b78   0x00000002   Code   RO         3952    i.HAL_UARTEx_RxEventCallback  stm32f4xx_hal_uart.o
    0x08003b7a   0x08003b7a   0x00000002   Code   RO         3966    i.HAL_UART_ErrorCallback  stm32f4xx_hal_uart.o
    0x08003b7c   0x08003b7c   0x00000280   Code   RO         3969    i.HAL_UART_IRQHandler  stm32f4xx_hal_uart.o
    0x08003dfc   0x08003dfc   0x00000064   Code   RO         3970    i.HAL_UART_Init     stm32f4xx_hal_uart.o
    0x08003e60   0x08003e60   0x000000f0   Code   RO          676    i.HAL_UART_MspInit  usart.o
    0x08003f50   0x08003f50   0x0000001c   Code   RO         3975    i.HAL_UART_Receive_IT  stm32f4xx_hal_uart.o
    0x08003f6c   0x08003f6c   0x00000004   Code   RO           15    i.HAL_UART_RxCpltCallback  main.o
    0x08003f70   0x08003f70   0x000000a0   Code   RO         3978    i.HAL_UART_Transmit  stm32f4xx_hal_uart.o
    0x08004010   0x08004010   0x00000002   Code   RO         3981    i.HAL_UART_TxCpltCallback  stm32f4xx_hal_uart.o
    0x08004012   0x08004012   0x00000002   Code   RO          730    i.HardFault_Handler  stm32f4xx_it.o
    0x08004014   0x08004014   0x0000000c   Code   RO          731    i.I2C1_ER_IRQHandler  stm32f4xx_it.o
    0x08004020   0x08004020   0x0000000c   Code   RO          732    i.I2C1_EV_IRQHandler  stm32f4xx_it.o
    0x0800402c   0x0800402c   0x000000bc   Code   RO         3492    i.I2C_DMAAbort      stm32f4xx_hal_i2c.o
    0x080040e8   0x080040e8   0x00000010   Code   RO         3495    i.I2C_Flush_DR      stm32f4xx_hal_i2c.o
    0x080040f8   0x080040f8   0x00000158   Code   RO         3496    i.I2C_ITError       stm32f4xx_hal_i2c.o
    0x08004250   0x08004250   0x0000002e   Code   RO         3497    i.I2C_IsAcknowledgeFailed  stm32f4xx_hal_i2c.o
    0x0800427e   0x0800427e   0x000000da   Code   RO         3498    i.I2C_MasterReceive_BTF  stm32f4xx_hal_i2c.o
    0x08004358   0x08004358   0x000000f4   Code   RO         3499    i.I2C_MasterReceive_RXNE  stm32f4xx_hal_i2c.o
    0x0800444c   0x0800444c   0x00000082   Code   RO         3502    i.I2C_MasterTransmit_BTF  stm32f4xx_hal_i2c.o
    0x080044ce   0x080044ce   0x00000002   PAD
    0x080044d0   0x080044d0   0x000000b6   Code   RO         3503    i.I2C_MasterTransmit_TXE  stm32f4xx_hal_i2c.o
    0x08004586   0x08004586   0x00000002   PAD
    0x08004588   0x08004588   0x00000118   Code   RO         3504    i.I2C_Master_ADDR   stm32f4xx_hal_i2c.o
    0x080046a0   0x080046a0   0x0000008c   Code   RO         3505    i.I2C_Master_SB     stm32f4xx_hal_i2c.o
    0x0800472c   0x0800472c   0x000000a8   Code   RO         3506    i.I2C_MemoryTransmit_TXE_BTF  stm32f4xx_hal_i2c.o
    0x080047d4   0x080047d4   0x000000fc   Code   RO         3507    i.I2C_RequestMemoryRead  stm32f4xx_hal_i2c.o
    0x080048d0   0x080048d0   0x00000046   Code   RO         3509    i.I2C_Slave_ADDR    stm32f4xx_hal_i2c.o
    0x08004916   0x08004916   0x00000002   PAD
    0x08004918   0x08004918   0x00000090   Code   RO         3510    i.I2C_Slave_AF      stm32f4xx_hal_i2c.o
    0x080049a8   0x080049a8   0x0000015c   Code   RO         3511    i.I2C_Slave_STOPF   stm32f4xx_hal_i2c.o
    0x08004b04   0x08004b04   0x00000090   Code   RO         3513    i.I2C_WaitOnFlagUntilTimeout  stm32f4xx_hal_i2c.o
    0x08004b94   0x08004b94   0x000000bc   Code   RO         3514    i.I2C_WaitOnMasterAddressFlagUntilTimeout  stm32f4xx_hal_i2c.o
    0x08004c50   0x08004c50   0x00000070   Code   RO         3515    i.I2C_WaitOnRXNEFlagUntilTimeout  stm32f4xx_hal_i2c.o
    0x08004cc0   0x08004cc0   0x00000056   Code   RO         3516    i.I2C_WaitOnTXEFlagUntilTimeout  stm32f4xx_hal_i2c.o
    0x08004d16   0x08004d16   0x00000002   PAD
    0x08004d18   0x08004d18   0x00000064   Code   RO          413    i.MX_ADC1_Init      adc.o
    0x08004d7c   0x08004d7c   0x00000024   Code   RO          455    i.MX_CRC_Init       crc.o
    0x08004da0   0x08004da0   0x0000003c   Code   RO          495    i.MX_DMA_Init       dma.o
    0x08004ddc   0x08004ddc   0x000000dc   Code   RO          291    i.MX_FREERTOS_Init  freertos.o
    0x08004eb8   0x08004eb8   0x00000124   Code   RO          267    i.MX_GPIO_Init      gpio.o
    0x08004fdc   0x08004fdc   0x00000040   Code   RO          521    i.MX_I2C1_Init      i2c.o
    0x0800501c   0x0800501c   0x0000002c   Code   RO          561    i.MX_IWDG_Init      iwdg.o
    0x08005048   0x08005048   0x000000c4   Code   RO          598    i.MX_TIM1_Init      tim.o
    0x0800510c   0x0800510c   0x00000070   Code   RO          599    i.MX_TIM2_Init      tim.o
    0x0800517c   0x0800517c   0x0000006c   Code   RO          600    i.MX_TIM4_Init      tim.o
    0x080051e8   0x080051e8   0x00000038   Code   RO          677    i.MX_USART2_UART_Init  usart.o
    0x08005220   0x08005220   0x00000038   Code   RO          678    i.MX_USART6_UART_Init  usart.o
    0x08005258   0x08005258   0x00000002   Code   RO          733    i.MemManage_Handler  stm32f4xx_it.o
    0x0800525a   0x0800525a   0x00000002   Code   RO          734    i.NMI_Handler       stm32f4xx_it.o
    0x0800525c   0x0800525c   0x00000028   Code   RO         6365    i.OLED_Clear        bsp_oled.o
    0x08005284   0x08005284   0x0000002c   Code   RO         6372    i.OLED_DrawPoint    bsp_oled.o
    0x080052b0   0x080052b0   0x0000010c   Code   RO         6373    i.OLED_Init         bsp_oled.o
    0x080053bc   0x080053bc   0x0000004c   Code   RO         6375    i.OLED_Refresh      bsp_oled.o
    0x08005408   0x08005408   0x000000e4   Code   RO         6377    i.OLED_ShowChar     bsp_oled.o
    0x080054ec   0x080054ec   0x0000003c   Code   RO         6381    i.OLED_ShowString   bsp_oled.o
    0x08005528   0x08005528   0x00000078   Code   RO         6383    i.OLED_WR_Byte      bsp_oled.o
    0x080055a0   0x080055a0   0x0000004c   Code   RO          292    i.StartAlarmTask    freertos.o
    0x080055ec   0x080055ec   0x00000010   Code   RO          293    i.StartBluetoothTask  freertos.o
    0x080055fc   0x080055fc   0x00000134   Code   RO          294    i.StartDefaultTask  freertos.o
    0x08005730   0x08005730   0x000001b0   Code   RO          295    i.StartDisplayTask  freertos.o
    0x080058e0   0x080058e0   0x00000018   Code   RO          296    i.StartKeepAlive    freertos.o
    0x080058f8   0x080058f8   0x00000314   Code   RO          297    i.StartLogicTask    freertos.o
    0x08005c0c   0x08005c0c   0x000000f0   Code   RO          298    i.StartRGBTask      freertos.o
    0x08005cfc   0x08005cfc   0x00000058   Code   RO          299    i.StartSensorTask   freertos.o
    0x08005d54   0x08005d54   0x0000001a   Code   RO         5451    i.SysTick_Handler   cmsis_os2.o
    0x08005d6e   0x08005d6e   0x00000002   PAD
    0x08005d70   0x08005d70   0x00000094   Code   RO           16    i.SystemClock_Config  main.o
    0x08005e04   0x08005e04   0x00000010   Code   RO         4304    i.SystemInit        system_stm32f4xx.o
    0x08005e14   0x08005e14   0x0000001c   Code   RO          735    i.TIM1_UP_TIM10_IRQHandler  stm32f4xx_it.o
    0x08005e30   0x08005e30   0x0000000c   Code   RO          736    i.TIM4_IRQHandler   stm32f4xx_it.o
    0x08005e3c   0x08005e3c   0x000000a0   Code   RO          999    i.TIM_Base_SetConfig  stm32f4xx_hal_tim.o
    0x08005edc   0x08005edc   0x0000001a   Code   RO         1000    i.TIM_CCxChannelCmd  stm32f4xx_hal_tim.o
    0x08005ef6   0x08005ef6   0x0000005e   Code   RO         1003    i.TIM_DMADelayPulseCplt  stm32f4xx_hal_tim.o
    0x08005f54   0x08005f54   0x00000038   Code   RO         1004    i.TIM_DMADelayPulseHalfCplt  stm32f4xx_hal_tim.o
    0x08005f8c   0x08005f8c   0x00000054   Code   RO         1005    i.TIM_DMAError      stm32f4xx_hal_tim.o
    0x08005fe0   0x08005fe0   0x00000014   Code   RO         1010    i.TIM_ETR_SetConfig  stm32f4xx_hal_tim.o
    0x08005ff4   0x08005ff4   0x00000010   Code   RO         1011    i.TIM_ITRx_SetConfig  stm32f4xx_hal_tim.o
    0x08006004   0x08006004   0x00000050   Code   RO         1012    i.TIM_OC1_SetConfig  stm32f4xx_hal_tim.o
    0x08006054   0x08006054   0x00000058   Code   RO         1013    i.TIM_OC2_SetConfig  stm32f4xx_hal_tim.o
    0x080060ac   0x080060ac   0x00000058   Code   RO         1014    i.TIM_OC3_SetConfig  stm32f4xx_hal_tim.o
    0x08006104   0x08006104   0x00000044   Code   RO         1015    i.TIM_OC4_SetConfig  stm32f4xx_hal_tim.o
    0x08006148   0x08006148   0x00000022   Code   RO         1017    i.TIM_TI1_ConfigInputStage  stm32f4xx_hal_tim.o
    0x0800616a   0x0800616a   0x00000002   PAD
    0x0800616c   0x0800616c   0x0000006c   Code   RO         1018    i.TIM_TI1_SetConfig  stm32f4xx_hal_tim.o
    0x080061d8   0x080061d8   0x00000024   Code   RO         1019    i.TIM_TI2_ConfigInputStage  stm32f4xx_hal_tim.o
    0x080061fc   0x080061fc   0x00000036   Code   RO         1020    i.TIM_TI2_SetConfig  stm32f4xx_hal_tim.o
    0x08006232   0x08006232   0x0000000e   Code   RO         3983    i.UART_DMAAbortOnError  stm32f4xx_hal_uart.o
    0x08006240   0x08006240   0x0000004e   Code   RO         3993    i.UART_EndRxTransfer  stm32f4xx_hal_uart.o
    0x0800628e   0x0800628e   0x000000c2   Code   RO         3995    i.UART_Receive_IT   stm32f4xx_hal_uart.o
    0x08006350   0x08006350   0x0000010c   Code   RO         3996    i.UART_SetConfig    stm32f4xx_hal_uart.o
    0x0800645c   0x0800645c   0x00000036   Code   RO         3998    i.UART_Start_Receive_IT  stm32f4xx_hal_uart.o
    0x08006492   0x08006492   0x00000072   Code   RO         3999    i.UART_WaitOnFlagUntilTimeout  stm32f4xx_hal_uart.o
    0x08006504   0x08006504   0x0000000c   Code   RO          737    i.USART6_IRQHandler  stm32f4xx_it.o
    0x08006510   0x08006510   0x00000002   Code   RO          738    i.UsageFault_Handler  stm32f4xx_it.o
    0x08006512   0x08006512   0x00000002   PAD
    0x08006514   0x08006514   0x00000020   Code   RO         6839    i.__0printf         mc_w.l(printfa.o)
    0x08006534   0x08006534   0x00000028   Code   RO         6841    i.__0sprintf        mc_w.l(printfa.o)
    0x0800655c   0x0800655c   0x00000020   Code   RO         2993    i.__NVIC_SetPriority  stm32f4xx_hal_cortex.o
    0x0800657c   0x0800657c   0x0000000e   Code   RO         6911    i.__scatterload_copy  mc_w.l(handlers.o)
    0x0800658a   0x0800658a   0x00000002   Code   RO         6912    i.__scatterload_null  mc_w.l(handlers.o)
    0x0800658c   0x0800658c   0x0000000e   Code   RO         6913    i.__scatterload_zeroinit  mc_w.l(handlers.o)
    0x0800659a   0x0800659a   0x00000002   PAD
    0x0800659c   0x0800659c   0x00000184   Code   RO         6846    i._fp_digits        mc_w.l(printfa.o)
    0x08006720   0x08006720   0x000006b4   Code   RO         6847    i._printf_core      mc_w.l(printfa.o)
    0x08006dd4   0x08006dd4   0x00000024   Code   RO         6848    i._printf_post_padding  mc_w.l(printfa.o)
    0x08006df8   0x08006df8   0x0000002e   Code   RO         6849    i._printf_pre_padding  mc_w.l(printfa.o)
    0x08006e26   0x08006e26   0x0000000a   Code   RO         6851    i._sputc            mc_w.l(printfa.o)
    0x08006e30   0x08006e30   0x00000018   Code   RO           18    i.fputc             main.o
    0x08006e48   0x08006e48   0x00000042   Code   RO           19    i.main              main.o
    0x08006e8a   0x08006e8a   0x0000001a   Code   RO         5453    i.osDelay           cmsis_os2.o
    0x08006ea4   0x08006ea4   0x0000003e   Code   RO         5455    i.osEventFlagsClear  cmsis_os2.o
    0x08006ee2   0x08006ee2   0x0000002c   Code   RO         5458    i.osEventFlagsNew   cmsis_os2.o
    0x08006f0e   0x08006f0e   0x00000002   PAD
    0x08006f10   0x08006f10   0x00000054   Code   RO         5459    i.osEventFlagsSet   cmsis_os2.o
    0x08006f64   0x08006f64   0x00000062   Code   RO         5460    i.osEventFlagsWait  cmsis_os2.o
    0x08006fc6   0x08006fc6   0x00000002   PAD
    0x08006fc8   0x08006fc8   0x00000024   Code   RO         5467    i.osKernelInitialize  cmsis_os2.o
    0x08006fec   0x08006fec   0x00000038   Code   RO         5470    i.osKernelStart     cmsis_os2.o
    0x08007024   0x08007024   0x00000064   Code   RO         5482    i.osMessageQueueGet  cmsis_os2.o
    0x08007088   0x08007088   0x00000058   Code   RO         5487    i.osMessageQueueNew  cmsis_os2.o
    0x080070e0   0x080070e0   0x00000068   Code   RO         5488    i.osMessageQueuePut  cmsis_os2.o
    0x08007148   0x08007148   0x00000052   Code   RO         5490    i.osMutexAcquire    cmsis_os2.o
    0x0800719a   0x0800719a   0x00000068   Code   RO         5493    i.osMutexNew        cmsis_os2.o
    0x08007202   0x08007202   0x00000042   Code   RO         5494    i.osMutexRelease    cmsis_os2.o
    0x08007244   0x08007244   0x0000008a   Code   RO         5512    i.osThreadNew       cmsis_os2.o
    0x080072ce   0x080072ce   0x00000002   PAD
    0x080072d0   0x080072d0   0x0000005c   Code   RO         4912    i.prvAddCurrentTaskToDelayedList  tasks.o
    0x0800732c   0x0800732c   0x000000d0   Code   RO         4913    i.prvAddNewTaskToReadyList  tasks.o
    0x080073fc   0x080073fc   0x00000058   Code   RO         5277    i.prvCheckForValidListAndQueue  timers.o
    0x08007454   0x08007454   0x00000026   Code   RO         4509    i.prvCopyDataFromQueue  queue.o
    0x0800747a   0x0800747a   0x0000006c   Code   RO         4510    i.prvCopyDataToQueue  queue.o
    0x080074e6   0x080074e6   0x00000034   Code   RO         4914    i.prvDeleteTCB      tasks.o
    0x0800751a   0x0800751a   0x00000002   PAD
    0x0800751c   0x0800751c   0x0000004c   Code   RO         5964    i.prvHeapInit       heap_4.o
    0x08007568   0x08007568   0x00000060   Code   RO         4915    i.prvIdleTask       tasks.o
    0x080075c8   0x080075c8   0x00000016   Code   RO         4511    i.prvInitialiseMutex  queue.o
    0x080075de   0x080075de   0x00000002   PAD
    0x080075e0   0x080075e0   0x00000022   Code   RO         4512    i.prvInitialiseNewQueue  queue.o
    0x08007602   0x08007602   0x00000002   PAD
    0x08007604   0x08007604   0x000000b0   Code   RO         4916    i.prvInitialiseNewTask  tasks.o
    0x080076b4   0x080076b4   0x0000004c   Code   RO         5965    i.prvInsertBlockIntoFreeList  heap_4.o
    0x08007700   0x08007700   0x00000038   Code   RO         5279    i.prvInsertTimerInActiveList  timers.o
    0x08007738   0x08007738   0x0000001c   Code   RO         4513    i.prvIsQueueEmpty   queue.o
    0x08007754   0x08007754   0x000000fc   Code   RO         5280    i.prvProcessReceivedCommands  timers.o
    0x08007850   0x08007850   0x000000c0   Code   RO         5281    i.prvProcessTimerOrBlockTask  timers.o
    0x08007910   0x08007910   0x00000020   Code   RO         4918    i.prvResetNextTaskUnblockTime  tasks.o
    0x08007930   0x08007930   0x00000028   Code   RO         5282    i.prvSampleTimeNow  timers.o
    0x08007958   0x08007958   0x0000006c   Code   RO         5283    i.prvSwitchTimerLists  timers.o
    0x080079c4   0x080079c4   0x00000028   Code   RO         6020    i.prvTaskExitError  port.o
    0x080079ec   0x080079ec   0x00000014   Code   RO         4347    i.prvTestWaitCondition  event_groups.o
    0x08007a00   0x08007a00   0x00000024   Code   RO         5284    i.prvTimerTask      timers.o
    0x08007a24   0x08007a24   0x0000006a   Code   RO         4514    i.prvUnlockQueue    queue.o
    0x08007a8e   0x08007a8e   0x00000002   PAD
    0x08007a90   0x08007a90   0x000000dc   Code   RO         5966    i.pvPortMalloc      heap_4.o
    0x08007b6c   0x08007b6c   0x00000018   Code   RO         4921    i.pvTaskIncrementMutexHeldCount  tasks.o
    0x08007b84   0x08007b84   0x0000002c   Code   RO         6021    i.pxPortInitialiseStack  port.o
    0x08007bb0   0x08007bb0   0x00000026   Code   RO         4469    i.uxListRemove      list.o
    0x08007bd6   0x08007bd6   0x00000002   PAD
    0x08007bd8   0x08007bd8   0x00000018   Code   RO         4930    i.uxTaskResetEventItemValue  tasks.o
    0x08007bf0   0x08007bf0   0x00000014   Code   RO         5524    i.vApplicationGetIdleTaskMemory  cmsis_os2.o
    0x08007c04   0x08007c04   0x00000018   Code   RO         5525    i.vApplicationGetTimerTaskMemory  cmsis_os2.o
    0x08007c1c   0x08007c1c   0x00000004   Code   RO         4349    i.vEventGroupClearBitsCallback  event_groups.o
    0x08007c20   0x08007c20   0x00000004   Code   RO         4351    i.vEventGroupSetBitsCallback  event_groups.o
    0x08007c24   0x08007c24   0x00000016   Code   RO         4470    i.vListInitialise   list.o
    0x08007c3a   0x08007c3a   0x00000006   Code   RO         4471    i.vListInitialiseItem  list.o
    0x08007c40   0x08007c40   0x00000030   Code   RO         4472    i.vListInsert       list.o
    0x08007c70   0x08007c70   0x00000018   Code   RO         4473    i.vListInsertEnd    list.o
    0x08007c88   0x08007c88   0x00000040   Code   RO         6023    i.vPortEnterCritical  port.o
    0x08007cc8   0x08007cc8   0x00000028   Code   RO         6024    i.vPortExitCritical  port.o
    0x08007cf0   0x08007cf0   0x00000064   Code   RO         5967    i.vPortFree         heap_4.o
    0x08007d54   0x08007d54   0x00000024   Code   RO         6025    i.vPortSetupTimerInterrupt  port.o
    0x08007d78   0x08007d78   0x00000054   Code   RO         6026    i.vPortValidateInterruptPriority  port.o
    0x08007dcc   0x08007dcc   0x00000028   Code   RO         4520    i.vQueueAddToRegistry  queue.o
    0x08007df4   0x08007df4   0x00000044   Code   RO         4524    i.vQueueWaitForMessageRestricted  queue.o
    0x08007e38   0x08007e38   0x0000004c   Code   RO         4931    i.vTaskDelay        tasks.o
    0x08007e84   0x08007e84   0x00000010   Code   RO         4936    i.vTaskInternalSetTimeOutState  tasks.o
    0x08007e94   0x08007e94   0x0000000c   Code   RO         4937    i.vTaskMissedYield  tasks.o
    0x08007ea0   0x08007ea0   0x00000030   Code   RO         4939    i.vTaskPlaceOnEventList  tasks.o
    0x08007ed0   0x08007ed0   0x00000038   Code   RO         4940    i.vTaskPlaceOnEventListRestricted  tasks.o
    0x08007f08   0x08007f08   0x00000050   Code   RO         4941    i.vTaskPlaceOnUnorderedEventList  tasks.o
    0x08007f58   0x08007f58   0x00000090   Code   RO         4942    i.vTaskPriorityDisinheritAfterTimeout  tasks.o
    0x08007fe8   0x08007fe8   0x00000070   Code   RO         4944    i.vTaskRemoveFromUnorderedEventList  tasks.o
    0x08008058   0x08008058   0x00000088   Code   RO         4948    i.vTaskStartScheduler  tasks.o
    0x080080e0   0x080080e0   0x00000010   Code   RO         4950    i.vTaskSuspendAll   tasks.o
    0x080080f0   0x080080f0   0x00000064   Code   RO         4951    i.vTaskSwitchContext  tasks.o
    0x08008154   0x08008154   0x00000040   Code   RO         4353    i.xEventGroupClearBits  event_groups.o
    0x08008194   0x08008194   0x00000010   Code   RO         4354    i.xEventGroupClearBitsFromISR  event_groups.o
    0x080081a4   0x080081a4   0x0000001c   Code   RO         4355    i.xEventGroupCreate  event_groups.o
    0x080081c0   0x080081c0   0x0000002c   Code   RO         4356    i.xEventGroupCreateStatic  event_groups.o
    0x080081ec   0x080081ec   0x0000001a   Code   RO         4357    i.xEventGroupGetBitsFromISR  event_groups.o
    0x08008206   0x08008206   0x0000008c   Code   RO         4358    i.xEventGroupSetBits  event_groups.o
    0x08008292   0x08008292   0x00000002   PAD
    0x08008294   0x08008294   0x00000010   Code   RO         4359    i.xEventGroupSetBitsFromISR  event_groups.o
    0x080082a4   0x080082a4   0x00000108   Code   RO         4361    i.xEventGroupWaitBits  event_groups.o
    0x080083ac   0x080083ac   0x000000f4   Code   RO         6027    i.xPortStartScheduler  port.o
    0x080084a0   0x080084a0   0x0000002c   Code   RO         6028    i.xPortSysTickHandler  port.o
    0x080084cc   0x080084cc   0x00000016   Code   RO         4527    i.xQueueCreateMutex  queue.o
    0x080084e2   0x080084e2   0x0000001a   Code   RO         4528    i.xQueueCreateMutexStatic  queue.o
    0x080084fc   0x080084fc   0x00000042   Code   RO         4529    i.xQueueGenericCreate  queue.o
    0x0800853e   0x0800853e   0x00000066   Code   RO         4530    i.xQueueGenericCreateStatic  queue.o
    0x080085a4   0x080085a4   0x00000088   Code   RO         4531    i.xQueueGenericReset  queue.o
    0x0800862c   0x0800862c   0x00000160   Code   RO         4532    i.xQueueGenericSend  queue.o
    0x0800878c   0x0800878c   0x000000be   Code   RO         4533    i.xQueueGenericSendFromISR  queue.o
    0x0800884a   0x0800884a   0x0000003e   Code   RO         4537    i.xQueueGiveMutexRecursive  queue.o
    0x08008888   0x08008888   0x00000138   Code   RO         4542    i.xQueueReceive     queue.o
    0x080089c0   0x080089c0   0x0000009a   Code   RO         4543    i.xQueueReceiveFromISR  queue.o
    0x08008a5a   0x08008a5a   0x00000002   PAD
    0x08008a5c   0x08008a5c   0x00000178   Code   RO         4544    i.xQueueSemaphoreTake  queue.o
    0x08008bd4   0x08008bd4   0x00000040   Code   RO         4545    i.xQueueTakeMutexRecursive  queue.o
    0x08008c14   0x08008c14   0x00000074   Code   RO         4953    i.xTaskCheckForTimeOut  tasks.o
    0x08008c88   0x08008c88   0x0000005a   Code   RO         4954    i.xTaskCreate       tasks.o
    0x08008ce2   0x08008ce2   0x00000056   Code   RO         4955    i.xTaskCreateStatic  tasks.o
    0x08008d38   0x08008d38   0x0000000c   Code   RO         4958    i.xTaskGetCurrentTaskHandle  tasks.o
    0x08008d44   0x08008d44   0x0000001c   Code   RO         4959    i.xTaskGetSchedulerState  tasks.o
    0x08008d60   0x08008d60   0x0000000c   Code   RO         4960    i.xTaskGetTickCount  tasks.o
    0x08008d6c   0x08008d6c   0x000000c8   Code   RO         4962    i.xTaskIncrementTick  tasks.o
    0x08008e34   0x08008e34   0x00000080   Code   RO         4965    i.xTaskPriorityDisinherit  tasks.o
    0x08008eb4   0x08008eb4   0x00000078   Code   RO         4966    i.xTaskPriorityInherit  tasks.o
    0x08008f2c   0x08008f2c   0x00000070   Code   RO         4967    i.xTaskRemoveFromEventList  tasks.o
    0x08008f9c   0x08008f9c   0x000000c4   Code   RO         4968    i.xTaskResumeAll    tasks.o
    0x08009060   0x08009060   0x00000060   Code   RO         5293    i.xTimerCreateTimerTask  timers.o
    0x080090c0   0x080090c0   0x00000068   Code   RO         5294    i.xTimerGenericCommand  timers.o
    0x08009128   0x08009128   0x00000028   Code   RO         5300    i.xTimerPendFunctionCallFromISR  timers.o
    0x08009150   0x08009150   0x00000190   Data   RO          301    .constdata          freertos.o
    0x080092e0   0x080092e0   0x00000008   Data   RO         2683    .constdata          stm32f4xx_hal_dma.o
    0x080092e8   0x080092e8   0x00000010   Data   RO         4305    .constdata          system_stm32f4xx.o
    0x080092f8   0x080092f8   0x00000008   Data   RO         4306    .constdata          system_stm32f4xx.o
    0x08009300   0x08009300   0x00001e90   Data   RO         6386    .constdata          bsp_oled.o
    0x0800b190   0x0800b190   0x0000000a   Data   RO         6562    .constdata          bsp_seg.o
    0x0800b19a   0x0800b19a   0x00000002   PAD
    0x0800b19c   0x0800b19c   0x00000099   Data   RO          302    .conststring        freertos.o
    0x0800b235   0x0800b235   0x00000003   PAD
    0x0800b238   0x0800b238   0x00000020   Data   RO         6909    Region$$Table       anon$$obj.o


    Execution Region RW_IRAM1 (Exec base: 0x20000000, Load base: 0x0800b258, Size: 0x000056b8, Max: 0x00020000, ABSOLUTE)

    Exec Addr    Load Addr    Size         Type   Attr      Idx    E Section Name        Object

    0x20000000   0x0800b258   0x00000002   Data   RW           20    .data               main.o
    0x20000002   0x0800b25a   0x00000002   PAD
    0x20000004   0x0800b25c   0x00000040   Data   RW          303    .data               freertos.o
    0x20000044   0x0800b29c   0x00000008   Data   RW          456    .data               crc.o
    0x2000004c   0x0800b2a4   0x00000020   Data   RW         2334    .data               stm32f4xx_hal_flash.o
    0x2000006c   0x0800b2c4   0x0000000c   Data   RW         3152    .data               stm32f4xx_hal.o
    0x20000078   0x0800b2d0   0x00000004   Data   RW         4307    .data               system_stm32f4xx.o
    0x2000007c   0x0800b2d4   0x0000003c   Data   RW         4971    .data               tasks.o
    0x200000b8   0x0800b310   0x00000014   Data   RW         5302    .data               timers.o
    0x200000cc   0x0800b324   0x00000004   Data   RW         5527    .data               cmsis_os2.o
    0x200000d0   0x0800b328   0x00000020   Data   RW         5973    .data               heap_4.o
    0x200000f0   0x0800b348   0x0000000c   Data   RW         6029    .data               port.o
    0x200000fc   0x0800b354   0x00000002   Data   RW         6102    .data               bsp_adc.o
    0x200000fe   0x0800b356   0x00000002   PAD
    0x20000100   0x0800b358   0x00000008   Data   RW         6143    .data               bsp_bt.o
    0x20000108   0x0800b360   0x00000014   Data   RW         6275    .data               bsp_freq.o
    0x2000011c   0x0800b374   0x00000004   Data   RW         6515    .data               bsp_rgb.o
    0x20000120   0x0800b378   0x00000003   Data   RW         6563    .data               bsp_seg.o
    0x20000123   0x0800b37b   0x00000001   PAD
    0x20000124   0x0800b37c   0x00000004   Data   RW         6885    .data               mc_w.l(stdout.o)
    0x20000128        -       0x0000000c   Zero   RW          300    .bss                freertos.o
    0x20000134        -       0x000000a8   Zero   RW          414    .bss                adc.o
    0x200001dc        -       0x00000054   Zero   RW          522    .bss                i2c.o
    0x20000230        -       0x0000000c   Zero   RW          562    .bss                iwdg.o
    0x2000023c        -       0x00000138   Zero   RW          601    .bss                tim.o
    0x20000374        -       0x00000090   Zero   RW          679    .bss                usart.o
    0x20000404        -       0x00000048   Zero   RW          868    .bss                stm32f4xx_hal_timebase_tim.o
    0x2000044c        -       0x00000040   Zero   RW         4546    .bss                queue.o
    0x2000048c        -       0x000004c4   Zero   RW         4970    .bss                tasks.o
    0x20000950        -       0x00000118   Zero   RW         5301    .bss                timers.o
    0x20000a68        -       0x000006b8   Zero   RW         5526    .bss                cmsis_os2.o
    0x20001120        -       0x00003c00   Zero   RW         5972    .bss                heap_4.o
    0x20004d20        -       0x00000080   Zero   RW         6142    .bss                bsp_bt.o
    0x20004da0        -       0x00000480   Zero   RW         6385    .bss                bsp_oled.o
    0x20005220        -       0x00000094   Zero   RW         6514    .bss                bsp_rgb.o
    0x200052b4   0x0800b380   0x00000004   PAD
    0x200052b8        -       0x00000400   Zero   RW            1    STACK               startup_stm32f411xe.o


==============================================================================

Image component sizes


      Code (inc. data)   RO Data    RW Data    ZI Data      Debug   Object Name

       256         34          0          0        168       1863   adc.o
        32         16          0          2          0       1488   bsp_adc.o
       580        226          0          8        128       3807   bsp_bt.o
        84         12          0          0          0       1478   bsp_buzzer.o
       180         16          0          0          0       2779   bsp_flash_crc.o
       140         22          0         20          0       2228   bsp_freq.o
        68          6          0          0          0        629   bsp_key.o
       100         14          0          0          0       1236   bsp_lm75.o
       836         44       7824          0       1152       6675   bsp_oled.o
       254         38          0          4        148       4166   bsp_rgb.o
       240         16         10          3          0       1605   bsp_seg.o
      1158         36          0          4       1720      76341   cmsis_os2.o
        76         18          0          8          0       1607   crc.o
        60          4          0          0          0        822   dma.o
       626         12          0          0          0      31166   event_groups.o
      2192        722        553         64         12       9955   freertos.o
       292         18          0          0          0       1067   gpio.o
       472         24          0         32      15360       4987   heap_4.o
       204         28          0          0         84       1769   i2c.o
        44          8          0          0         12        763   iwdg.o
       138          0          0          0          0       3662   list.o
       266         22          0          2          0     470324   main.o
       786         82          0         12          0      11729   port.o
      2306         24          0          0         64      25919   queue.o
        36          8        408          0       1024        856   startup_stm32f411xe.o
        80         14          0         12          0       8054   stm32f4xx_hal.o
      1180         64          0          0          0       7701   stm32f4xx_hal_adc.o
       158         14          0          0          0      33126   stm32f4xx_hal_cortex.o
        72          0          0          0          0       1880   stm32f4xx_hal_crc.o
      1090         16          8          0          0       8125   stm32f4xx_hal_dma.o
       540         66          0         32          0       6814   stm32f4xx_hal_flash.o
       356         24          0          0          0       4254   stm32f4xx_hal_flash_ex.o
       530         40          0          0          0       3540   stm32f4xx_hal_gpio.o
      5338         86          0          0          0      32536   stm32f4xx_hal_i2c.o
       106          0          0          0          0       1963   stm32f4xx_hal_iwdg.o
        56          4          0          0          0        906   stm32f4xx_hal_msp.o
      1408         82          0          0          0       6049   stm32f4xx_hal_rcc.o
      3616        174          0          0          0      27299   stm32f4xx_hal_tim.o
       212         20          0          0          0       3401   stm32f4xx_hal_tim_ex.o
       140         22          0          0         72       1480   stm32f4xx_hal_timebase_tim.o
      1656         14          0          0          0      11704   stm32f4xx_hal_uart.o
       146         46          0          0          0       7891   stm32f4xx_it.o
         0          0          0          0          0        408   stream_buffer.o
        16          4         24          4          0       1187   system_stm32f4xx.o
      2600        216          0         60       1220      33230   tasks.o
       816         70          0          0        312       5424   tim.o
      1012         86          0         20        280      33331   timers.o
       352         38          0          0        144       2587   usart.o

    ----------------------------------------------------------------------
     32966       2550       8864        292      21904     911811   Object Totals
         0          0         32          0          0          0   (incl. Generated)
        60          0          5          5          4          0   (incl. Padding)

    ----------------------------------------------------------------------

      Code (inc. data)   RO Data    RW Data    ZI Data      Debug   Library Member Name

         0          0          0          0          0          0   entry.o
         0          0          0          0          0          0   entry10a.o
         0          0          0          0          0          0   entry11a.o
         4          0          0          0          0          0   entry12b.o
         8          4          0          0          0          0   entry2.o
         4          0          0          0          0          0   entry5.o
         0          0          0          0          0          0   entry7b.o
         0          0          0          0          0          0   entry8b.o
         8          4          0          0          0          0   entry9a.o
        30          0          0          0          0          0   handlers.o
        36          8          0          0          0         68   init.o
         0          0          0          0          0          0   iusefp.o
        30          0          0          0          0         68   llshl.o
        36          0          0          0          0         68   llsshr.o
        32          0          0          0          0         68   llushr.o
        36          0          0          0          0         68   memcpya.o
        36          0          0          0          0        108   memseta.o
      2268         96          0          0          0        616   printfa.o
         0          0          0          4          0          0   stdout.o
        14          0          0          0          0         68   strlen.o
        36          0          0          0          0         80   strstr.o
        44          0          0          0          0         80   uidiv.o
        98          0          0          0          0         92   uldiv.o
        48          0          0          0          0         68   cdrcmple.o
       334          0          0          0          0        148   dadd.o
       222          0          0          0          0        100   ddiv.o
       186          0          0          0          0        176   depilogue.o
        48          0          0          0          0         68   dfixul.o
       228          0          0          0          0         96   dmul.o
        38          0          0          0          0         68   f2d.o

    ----------------------------------------------------------------------
      3826        112          0          4          0       2108   Library Totals
         2          0          0          0          0          0   (incl. Padding)

    ----------------------------------------------------------------------

      Code (inc. data)   RO Data    RW Data    ZI Data      Debug   Library Name

      2720        112          0          4          0       1384   mc_w.l
      1104          0          0          0          0        724   mf_w.l

    ----------------------------------------------------------------------
      3826        112          0          4          0       2108   Library Totals

    ----------------------------------------------------------------------

==============================================================================


      Code (inc. data)   RO Data    RW Data    ZI Data      Debug   

     36792       2662       8864        296      21904     881131   Grand Totals
     36792       2662       8864        296      21904     881131   ELF Image Totals
     36792       2662       8864        296          0          0   ROM Totals

==============================================================================

    Total RO  Size (Code + RO Data)                45656 (  44.59kB)
    Total RW  Size (RW Data + ZI Data)             22200 (  21.68kB)
    Total ROM Size (Code + RO Data + RW Data)      45952 (  44.88kB)

==============================================================================

