<html>
<body>
<pre>
<h1>µVision Build Log</h1>
<h2>Tool Versions:</h2>
IDE-Version: ¦ÌVision V5.38.0.0
Copyright (C) 2022 ARM Ltd and ARM Germany GmbH. All rights reserved.
License Information: 1 1, 1, LIC=47GU5-GB31S-TG37T-R48VN-XSR4I-4HY5G
 
Tool Versions:
Toolchain:       MDK-ARM Plus  Version: 5.36.0.0
Toolchain Path:  D:\AAAwork\Keil_v5\ARM\ARMCC\Bin
C Compiler:      Armcc.exe V5.06 update 7 (build 960)
Assembler:       Armasm.exe V5.06 update 7 (build 960)
Linker/Locator:  ArmLink.exe V5.06 update 7 (build 960)
Library Manager: ArmAr.exe V5.06 update 7 (build 960)
Hex Converter:   FromElf.exe V5.06 update 7 (build 960)
CPU DLL:         SARMCM3.DLL V5.36.0.0
Dialog DLL:      DCM.DLL V1.17.3.0
Target DLL:      STLink\ST-LINKIII-KEIL_SWO.dll V3.0.9.0
Dialog DLL:      TCM.DLL V1.53.0.0
 
<h2>Project:</h2>
D:\AAAwork_place\STM32Project\CurseDesign\CourseDesign3\MDK-ARM\CourseDesign3.uvprojx
Project File Date:  12/14/2025

<h2>Output:</h2>
*** Using Compiler 'V5.06 update 7 (build 960)', folder: 'D:\AAAwork\Keil_v5\ARM\ARMCC\Bin'
Build target 'CourseDesign3'
assembling startup_stm32f411xe.s...
compiling crc.c...
compiling dma.c...
compiling i2c.c...
compiling stm32f4xx_hal_msp.c...
compiling iwdg.c...
compiling stm32f4xx_it.c...
compiling gpio.c...
compiling tim.c...
compiling adc.c...
compiling stm32f4xx_hal_timebase_tim.c...
compiling usart.c...
compiling main.c...
..\USER\BSP\bsp_bt.h(18): warning:  #1-D: last line of file ends without a newline
  #endif
../Core/Src/main.c(198): warning:  #940-D: missing return statement at end of non-void function "fputc" 
  }
../Core/Src/main.c: 2 warnings, 0 errors
compiling freertos.c...
..\USER\BSP\bsp_lm75.h(43): warning:  #1-D: last line of file ends without a newline
  #endif // BSP_LM75_H
..\USER\BSP\bsp_adc.h(44): warning:  #1-D: last line of file ends without a newline
  #endif // BSP_ADC_H
..\USER\BSP\bsp_buzzer.h(34): warning:  #1-D: last line of file ends without a newline
  #endif // BSP_BUZZER_H
..\USER\BSP\bsp_freq.h(14): warning:  #1-D: last line of file ends without a newline
  #endif
..\USER\BSP\bsp_rgb.h(43): warning:  #1-D: last line of file ends without a newline
  #endif // BSP_RGB_H
..\USER\BSP\bsp_key.h(21): warning:  #1-D: last line of file ends without a newline
  #endif // __BSP_KEY_H__
..\USER\BSP\bsp_bt.h(18): warning:  #1-D: last line of file ends without a newline
  #endif
..\USER\BSP\bsp_flash_crc.h(49): warning:  #1-D: last line of file ends without a newline
  #endif // __BSP_FLASH_CRC_H__
../Core/Src/freertos.c(672): warning:  #546-D: transfer of control bypasses initialization of:
            variable "r"  (declared at line 701)
            variable "g"  (declared at line 702)
            variable "b"  (declared at line 703)
      switch (current_cmd.mode)
      ^
../Core/Src/freertos.c: 9 warnings, 0 errors
compiling stm32f4xx_ll_adc.c...
compiling stm32f4xx_hal_tim.c...
compiling stm32f4xx_hal_adc_ex.c...
compiling stm32f4xx_hal_flash_ramfunc.c...
compiling stm32f4xx_hal_flash.c...
compiling stm32f4xx_hal_flash_ex.c...
compiling stm32f4xx_hal_rcc_ex.c...
compiling stm32f4xx_hal_gpio.c...
compiling stm32f4xx_hal_dma.c...
compiling stm32f4xx_hal_adc.c...
compiling stm32f4xx_hal_tim_ex.c...
compiling stm32f4xx_hal_pwr_ex.c...
compiling stm32f4xx_hal_pwr.c...
compiling stm32f4xx_hal_rcc.c...
compiling stm32f4xx_hal_dma_ex.c...
compiling stm32f4xx_hal_cortex.c...
compiling croutine.c...
compiling list.c...
compiling event_groups.c...
compiling stream_buffer.c...
compiling queue.c...
compiling tasks.c...
compiling heap_4.c...
compiling timers.c...
compiling port.c...
compiling stm32f4xx_hal.c...
compiling stm32f4xx_hal_crc.c...
compiling stm32f4xx_hal_exti.c...
compiling stm32f4xx_hal_i2c_ex.c...
compiling stm32f4xx_hal_iwdg.c...
compiling system_stm32f4xx.c...
compiling bsp_adc.c...
..\USER\BSP\bsp_adc.h(44): warning:  #1-D: last line of file ends without a newline
  #endif // BSP_ADC_H
..\USER\BSP\bsp_adc.c(50): warning:  #1-D: last line of file ends without a newline
  }
..\USER\BSP\bsp_adc.c: 2 warnings, 0 errors
compiling bsp_flash_crc.c...
..\USER\BSP\bsp_flash_crc.h(49): warning:  #1-D: last line of file ends without a newline
  #endif // __BSP_FLASH_CRC_H__
..\USER\BSP\bsp_flash_crc.c(103): warning:  #1-D: last line of file ends without a newline
  }
..\USER\BSP\bsp_flash_crc.c: 2 warnings, 0 errors
compiling stm32f4xx_hal_uart.c...
compiling bsp_buzzer.c...
..\USER\BSP\bsp_buzzer.h(34): warning:  #1-D: last line of file ends without a newline
  #endif // BSP_BUZZER_H
..\USER\BSP\bsp_buzzer.c(62): warning:  #1-D: last line of file ends without a newline
  }
..\USER\BSP\bsp_buzzer.c: 2 warnings, 0 errors
compiling bsp_bt.c...
..\USER\BSP\bsp_bt.h(18): warning:  #1-D: last line of file ends without a newline
  #endif
..\USER\BSP\bsp_bt.c(115): warning:  #1-D: last line of file ends without a newline
  }
..\USER\BSP\bsp_bt.c: 2 warnings, 0 errors
compiling bsp_freq.c...
..\USER\BSP\bsp_freq.h(14): warning:  #1-D: last line of file ends without a newline
  #endif
..\USER\BSP\bsp_freq.c(93): warning:  #1-D: last line of file ends without a newline
  }
..\USER\BSP\bsp_freq.c: 2 warnings, 0 errors
compiling stm32f4xx_hal_i2c.c...
compiling cmsis_os2.c...
compiling bsp_key.c...
..\USER\BSP\bsp_key.h(21): warning:  #1-D: last line of file ends without a newline
  #endif // __BSP_KEY_H__
..\USER\BSP\bsp_key.c(44): warning:  #1-D: last line of file ends without a newline
  }
..\USER\BSP\bsp_key.c: 2 warnings, 0 errors
compiling bsp_lm75.c...
..\USER\BSP\bsp_lm75.h(43): warning:  #1-D: last line of file ends without a newline
  #endif // BSP_LM75_H
..\USER\BSP\bsp_lm75.c(77): warning:  #1-D: last line of file ends without a newline
  }
..\USER\BSP\bsp_lm75.c: 2 warnings, 0 errors
compiling bsp_seg.c...
compiling bsp_rgb.c...
..\USER\BSP\bsp_rgb.h(43): warning:  #1-D: last line of file ends without a newline
  #endif // BSP_RGB_H
..\USER\BSP\bsp_rgb.c(105): warning:  #1-D: last line of file ends without a newline
  }
..\USER\BSP\bsp_rgb.c: 2 warnings, 0 errors
compiling bsp_oled.c...
..\USER\BSP\bsp_oled.c(492): warning:  #1-D: last line of file ends without a newline
  }
..\USER\BSP\bsp_oled.c: 1 warning, 0 errors
linking...
Program Size: Code=36792 RO-data=8864 RW-data=296 ZI-data=21904  
FromELF: creating hex file...
"CourseDesign3\CourseDesign3.axf" - 0 Error(s), 28 Warning(s).

<h2>Software Packages used:</h2>

Package Vendor: ARM
                https://www.keil.com/pack/ARM.CMSIS.6.1.0.pack
                ARM.CMSIS.6.1.0
                CMSIS (Common Microcontroller Software Interface Standard)
   * Component: CORE Version: 6.1.0

Package Vendor: Keil
                https://www.keil.com/pack/Keil.STM32F4xx_DFP.2.17.1.pack
                Keil.STM32F4xx_DFP.2.17.1
                STMicroelectronics STM32F4 Series Device Support, Drivers and Examples

<h2>Collection of Component include folders:</h2>
  ./RTE/_CourseDesign3
  D:/AAAwork/Keil_v5/ARM/Packs/ARM/CMSIS/6.1.0/CMSIS/Core/Include
  D:/AAAwork/Keil_v5/ARM/Packs/Keil/STM32F4xx_DFP/2.17.1/Drivers/CMSIS/Device/ST/STM32F4xx/Include

<h2>Collection of Component Files used:</h2>

   * Component: ARM::CMSIS:CORE:6.1.0
      Include file:  CMSIS/Core/Include/tz_context.h
Build Time Elapsed:  00:00:07
</pre>
</body>
</html>
